Archive member included to satisfy reference by file (symbol)

C:/Users/paola/.pico-sdk/toolchain/13_3_Rel1/bin/../lib/gcc/arm-none-eabi/13.3.1/thumb/v6-m/nofp\libgcc.a(_dvmd_tls.o)
                              CMakeFiles/semaforo.dir/C_/Users/paola/.pico-sdk/sdk/2.1.0/src/rp2_common/pico_divider/divider_hardware.S.obj (__aeabi_idiv0)
C:/Users/paola/.pico-sdk/toolchain/13_3_Rel1/bin/../lib/gcc/arm-none-eabi/13.3.1/thumb/v6-m/nofp\libg.a(libc_a-calloc.o)
                              CMakeFiles/semaforo.dir/C_/Users/paola/.pico-sdk/sdk/2.1.0/src/rp2_common/pico_malloc/malloc.c.obj (calloc)
C:/Users/paola/.pico-sdk/toolchain/13_3_Rel1/bin/../lib/gcc/arm-none-eabi/13.3.1/thumb/v6-m/nofp\libg.a(libc_a-callocr.o)
                              C:/Users/paola/.pico-sdk/toolchain/13_3_Rel1/bin/../lib/gcc/arm-none-eabi/13.3.1/thumb/v6-m/nofp\libg.a(libc_a-calloc.o) (_calloc_r)
C:/Users/paola/.pico-sdk/toolchain/13_3_Rel1/bin/../lib/gcc/arm-none-eabi/13.3.1/thumb/v6-m/nofp\libg.a(libc_a-malloc.o)
                              CMakeFiles/semaforo.dir/C_/Users/paola/.pico-sdk/sdk/2.1.0/src/rp2_common/pico_malloc/malloc.c.obj (malloc)
C:/Users/paola/.pico-sdk/toolchain/13_3_Rel1/bin/../lib/gcc/arm-none-eabi/13.3.1/thumb/v6-m/nofp\libg.a(libc_a-mallocr.o)
                              C:/Users/paola/.pico-sdk/toolchain/13_3_Rel1/bin/../lib/gcc/arm-none-eabi/13.3.1/thumb/v6-m/nofp\libg.a(libc_a-callocr.o) (_malloc_r)
C:/Users/paola/.pico-sdk/toolchain/13_3_Rel1/bin/../lib/gcc/arm-none-eabi/13.3.1/thumb/v6-m/nofp\libg.a(libc_a-mlock.o)
                              C:/Users/paola/.pico-sdk/toolchain/13_3_Rel1/bin/../lib/gcc/arm-none-eabi/13.3.1/thumb/v6-m/nofp\libg.a(libc_a-mallocr.o) (__malloc_lock)
C:/Users/paola/.pico-sdk/toolchain/13_3_Rel1/bin/../lib/gcc/arm-none-eabi/13.3.1/thumb/v6-m/nofp\libg.a(libc_a-realloc.o)
                              CMakeFiles/semaforo.dir/C_/Users/paola/.pico-sdk/sdk/2.1.0/src/rp2_common/pico_malloc/malloc.c.obj (realloc)
C:/Users/paola/.pico-sdk/toolchain/13_3_Rel1/bin/../lib/gcc/arm-none-eabi/13.3.1/thumb/v6-m/nofp\libg.a(libc_a-reallocr.o)
                              C:/Users/paola/.pico-sdk/toolchain/13_3_Rel1/bin/../lib/gcc/arm-none-eabi/13.3.1/thumb/v6-m/nofp\libg.a(libc_a-realloc.o) (_realloc_r)
C:/Users/paola/.pico-sdk/toolchain/13_3_Rel1/bin/../lib/gcc/arm-none-eabi/13.3.1/thumb/v6-m/nofp\libg.a(libc_a-memcmp.o)
                              CMakeFiles/semaforo.dir/C_/Users/paola/.pico-sdk/sdk/2.1.0/src/rp2_common/pico_atomic/atomic.c.obj (memcmp)
C:/Users/paola/.pico-sdk/toolchain/13_3_Rel1/bin/../lib/gcc/arm-none-eabi/13.3.1/thumb/v6-m/nofp\libg.a(libc_a-memmove.o)
                              C:/Users/paola/.pico-sdk/toolchain/13_3_Rel1/bin/../lib/gcc/arm-none-eabi/13.3.1/thumb/v6-m/nofp\libg.a(libc_a-reallocr.o) (memmove)
C:/Users/paola/.pico-sdk/toolchain/13_3_Rel1/bin/../lib/gcc/arm-none-eabi/13.3.1/thumb/v6-m/nofp\libg.a(libc_a-lcltime_r.o)
                              CMakeFiles/semaforo.dir/C_/Users/paola/.pico-sdk/sdk/2.1.0/src/common/pico_util/datetime.c.obj (localtime_r)
C:/Users/paola/.pico-sdk/toolchain/13_3_Rel1/bin/../lib/gcc/arm-none-eabi/13.3.1/thumb/v6-m/nofp\libg.a(libc_a-mktime.o)
                              CMakeFiles/semaforo.dir/C_/Users/paola/.pico-sdk/sdk/2.1.0/src/common/pico_util/datetime.c.obj (mktime)
C:/Users/paola/.pico-sdk/toolchain/13_3_Rel1/bin/../lib/gcc/arm-none-eabi/13.3.1/thumb/v6-m/nofp\libg.a(libc_a-month_lengths.o)
                              C:/Users/paola/.pico-sdk/toolchain/13_3_Rel1/bin/../lib/gcc/arm-none-eabi/13.3.1/thumb/v6-m/nofp\libg.a(libc_a-lcltime_r.o) (__month_lengths)
C:/Users/paola/.pico-sdk/toolchain/13_3_Rel1/bin/../lib/gcc/arm-none-eabi/13.3.1/thumb/v6-m/nofp\libg.a(libc_a-tzcalc_limits.o)
                              C:/Users/paola/.pico-sdk/toolchain/13_3_Rel1/bin/../lib/gcc/arm-none-eabi/13.3.1/thumb/v6-m/nofp\libg.a(libc_a-lcltime_r.o) (__tzcalc_limits)
C:/Users/paola/.pico-sdk/toolchain/13_3_Rel1/bin/../lib/gcc/arm-none-eabi/13.3.1/thumb/v6-m/nofp\libg.a(libc_a-tzlock.o)
                              C:/Users/paola/.pico-sdk/toolchain/13_3_Rel1/bin/../lib/gcc/arm-none-eabi/13.3.1/thumb/v6-m/nofp\libg.a(libc_a-lcltime_r.o) (__tz_lock)
C:/Users/paola/.pico-sdk/toolchain/13_3_Rel1/bin/../lib/gcc/arm-none-eabi/13.3.1/thumb/v6-m/nofp\libg.a(libc_a-tzset.o)
                              C:/Users/paola/.pico-sdk/toolchain/13_3_Rel1/bin/../lib/gcc/arm-none-eabi/13.3.1/thumb/v6-m/nofp\libg.a(libc_a-lcltime_r.o) (_tzset_unlocked)
C:/Users/paola/.pico-sdk/toolchain/13_3_Rel1/bin/../lib/gcc/arm-none-eabi/13.3.1/thumb/v6-m/nofp\libg.a(libc_a-tzset_r.o)
                              C:/Users/paola/.pico-sdk/toolchain/13_3_Rel1/bin/../lib/gcc/arm-none-eabi/13.3.1/thumb/v6-m/nofp\libg.a(libc_a-tzset.o) (_tzset_unlocked_r)
C:/Users/paola/.pico-sdk/toolchain/13_3_Rel1/bin/../lib/gcc/arm-none-eabi/13.3.1/thumb/v6-m/nofp\libg.a(libc_a-tzvars.o)
[...]
Memory Configuration

Name             Origin             Length             Attributes
FLASH            0x10000000         0x00200000         xr
RAM              0x20000000         0x00040000         xrw
SCRATCH_X        0x20040000         0x00001000         xrw
SCRATCH_Y        0x20041000         0x00001000         xrw
*default*        0x00000000         0xffffffff

Linker script and memory map

LOAD C:/Users/paola/.pico-sdk/toolchain/13_3_Rel1/bin/../lib/gcc/arm-none-eabi/13.3.1/thumb/v6-m/nofp/crti.o
LOAD C:/Users/paola/.pico-sdk/toolchain/13_3_Rel1/bin/../lib/gcc/arm-none-eabi/13.3.1/thumb/v6-m/nofp/crtbegin.o
LOAD C:/Users/paola/.pico-sdk/toolchain/13_3_Rel1/bin/../lib/gcc/arm-none-eabi/13.3.1/thumb/v6-m/nofp/crt0.o

.flash_begin    0x10000000        0x0
                0x10000000                        __flash_binary_start = .

.boot2          0x10000000      0x100
                0x10000000                        __boot2_start__ = .
 *(.boot2)
 .boot2         0x10000000      0x100 pico-sdk/src/rp2040/boot_stage2/CMakeFiles/bs2_default_library.dir/./bs2_default_padded_checksummed.S.obj
                0x10000100                        __boot2_end__ = .
                0x00000001                        ASSERT (((__boot2_end__ - __boot2_start__) == 0x100), ERROR: Pico second stage bootloader must be 256 bytes in size)

.text           0x10000100     0x6554
                0x10000100                        __logical_binary_start = .
 *(.vectors)
 .vectors       0x10000100       0xd4 CMakeFiles/semaforo.dir/C_/Users/paola/.pico-sdk/sdk/2.1.0/src/rp2_common/pico_crt0/crt0.S.obj
                0x10000100                __VECTOR_TABLE
                0x10000100                __vectors
                0x100001c0                isr_invalid
                0x100001c0                __default_isrs_start
                0x100001c2                isr_nmi
                0x100001c4                isr_hardfault
                0x100001c6                isr_svcall
                0x100001c8                isr_pendsv
                0x100001ca                isr_systick
                0x100001cc                isr_irq23
                0x100001cc                isr_irq18
                0x100001cc                isr_irq11
                0x100001cc                isr_irq28
                0x100001cc                isr_irq19
                0x100001cc                isr_irq0
                0x100001cc                isr_irq6
                0x100001cc                isr_irq5
                0x100001cc                isr_irq12
                0x100001cc                isr_irq22
                0x100001cc                isr_irq31
                0x100001cc                isr_irq17
                0x100001cc                isr_irq27
                0x100001cc                isr_irq30
                0x100001cc                isr_irq2
                0x100001cc                isr_irq10
                0x100001cc                isr_irq8
                0x100001cc                isr_irq24
                0x100001cc                isr_irq1
                0x100001cc                isr_irq7
                0x100001cc                isr_irq21
                0x100001cc                isr_irq20
                0x100001cc                isr_irq15
                0x100001cc                isr_irq25
                0x100001cc                isr_irq13
                0x100001cc                __unhandled_user_irq
                0x100001cc                isr_irq4
                0x100001cc                isr_irq16
                0x100001cc                isr_irq29
                0x100001cc                isr_irq26
                0x100001cc                __default_isrs_end
                0x100001cc                isr_irq3
                0x100001cc                isr_irq14
                0x100001cc                isr_irq9
                0x100001d2                unhandled_user_irq_num_in_r0
 *(.binary_info_header)
 .binary_info_header
                0x100001d4       0x14 CMakeFiles/semaforo.dir/C_/Users/paola/.pico-sdk/sdk/2.1.0/src/rp2_common/pico_crt0/crt0.S.obj
                0x100001e8                        __binary_info_header_end = .
 *(.embedded_block)
                0x100001e8                        __embedded_block_end = .
 *(.reset)
 .reset         0x100001e8       0x9c CMakeFiles/semaforo.dir/C_/Users/paola/.pico-sdk/sdk/2.1.0/src/rp2_common/pico_crt0/crt0.S.obj
                0x100001e8                _entry_point
 *(.init)
 .init          0x10000284        0x4 C:/Users/paola/.pico-sdk/toolchain/13_3_Rel1/bin/../lib/gcc/arm-none-eabi/13.3.1/thumb/v6-m/nofp/crti.o
                0x10000284                _init
 *(EXCLUDE_FILE(*libm.a: *libc.a:*lib_a-mem*.o *libgcc.a:) .text*)
 .text.register_tm_clones
                0x10000288       0x28 C:/Users/paola/.pico-sdk/toolchain/13_3_Rel1/bin/../lib/gcc/arm-none-eabi/13.3.1/thumb/v6-m/nofp/crtbegin.o
 .text.frame_dummy
                0x100002b0       0x24 C:/Users/paola/.pico-sdk/toolchain/13_3_Rel1/bin/../lib/gcc/arm-none-eabi/13.3.1/thumb/v6-m/nofp/crtbegin.o
 .text.timer_callback
                0x100002d4       0xc0 CMakeFiles/semaforo.dir/semaforo.c.obj
                0x100002d4                timer_callback
 .text.mudar_estado_semaforo
                0x10000394       0x88 CMakeFiles/semaforo.dir/semaforo.c.obj
                0x10000394                mudar_estado_semaforo
 .text.startup.main
                0x1000041c       0x60 CMakeFiles/semaforo.dir/semaforo.c.obj
                0x1000041c                main
 .text.gpio_init
                0x1000047c       0x40 CMakeFiles/semaforo.dir/C_/Users/paola/.pico-sdk/sdk/2.1.0/src/rp2_common/hardware_gpio/gpio.c.obj
                0x1000047c                gpio_init
 .text.rp2040_chip_version
                0x100004bc        0xc CMakeFiles/semaforo.dir/C_/Users/paola/.pico-sdk/sdk/2.1.0/src/rp2040/pico_platform/platform.c.obj
                0x100004bc                rp2040_chip_version
 .text.panic    0x100004c8       0x30 CMakeFiles/semaforo.dir/C_/Users/paola/.pico-sdk/sdk/2.1.0/src/rp2_common/pico_platform_panic/panic.c.obj
                0x100004c8                panic
 .text.hw_claim_or_assert
                0x100004f8       0x44 CMakeFiles/semaforo.dir/C_/Users/paola/.pico-sdk/sdk/2.1.0/src/common/hardware_claim/claim.c.obj
                0x100004f8                hw_claim_or_assert
 .text.hw_claim_unused_from_range
                0x1000053c       0x9c CMakeFiles/semaforo.dir/C_/Users/paola/.pico-sdk/sdk/2.1.0/src/common/hardware_claim/claim.c.obj
                0x1000053c                hw_claim_unused_from_range
 .text.next_striped_spin_lock_num
                0x100005d8       0x18 CMakeFiles/semaforo.dir/C_/Users/paola/.pico-sdk/sdk/2.1.0/src/rp2_common/hardware_sync/sync.c.obj
                0x100005d8                next_striped_spin_lock_num
 .text.spin_lock_claim_unused
                0x100005f0       0x24 CMakeFiles/semaforo.dir/C_/Users/paola/.pico-sdk/sdk/2.1.0/src/rp2_common/hardware_sync/sync.c.obj
                0x100005f0                spin_lock_claim_unused
 .text.spin_locks_reset
                0x10000614       0x1c CMakeFiles/semaforo.dir/C_/Users/paola/.pico-sdk/sdk/2.1.0/src/rp2_common/hardware_sync_spin_lock/sync_spin_lock.c.obj
                0x10000614                spin_locks_reset
 .text.runtime_init_per_core_irq_priorities
                0x10000630       0x24 CMakeFiles/semaforo.dir/C_/Users/paola/.pico-sdk/sdk/2.1.0/src/rp2_common/hardware_irq/irq.c.obj
                0x10000630                runtime_init_per_core_irq_priorities
 .text.irq_set_enabled
                0x10000654       0x24 CMakeFiles/semaforo.dir/C_/Users/paola/.pico-sdk/sdk/2.1.0/src/rp2_common/hardware_irq/irq.c.obj
                0x10000654                irq_set_enabled
 .text.irq_is_enabled
                0x10000678       0x18 CMakeFiles/semaforo.dir/C_/Users/paola/.pico-sdk/sdk/2.1.0/src/rp2_common/hardware_irq/irq.c.obj
                0x10000678                irq_is_enabled
 .text.irq_set_pending
                0x10000690       0x10 CMakeFiles/semaforo.dir/C_/Users/paola/.pico-sdk/sdk/2.1.0/src/rp2_common/hardware_irq/irq.c.obj
                0x10000690                irq_set_pending
 .text.irq_has_shared_handler
                0x100006a0       0x2c CMakeFiles/semaforo.dir/C_/Users/paola/.pico-sdk/sdk/2.1.0/src/rp2_common/hardware_irq/irq.c.obj
                0x100006a0                irq_has_shared_handler
 .text.irq_set_exclusive_handler
                0x100006cc       0x54 CMakeFiles/semaforo.dir/C_/Users/paola/.pico-sdk/sdk/2.1.0/src/rp2_common/hardware_irq/irq.c.obj
                0x100006cc                irq_set_exclusive_handler
 .text.irq_add_shared_handler
                0x10000720      0x1f4 CMakeFiles/semaforo.dir/C_/Users/paola/.pico-sdk/sdk/2.1.0/src/rp2_common/hardware_irq/irq.c.obj
                0x10000720                irq_add_shared_handler
 .text.irq_add_tail_to_free_list
                0x10000914       0xb4 CMakeFiles/semaforo.dir/C_/Users/paola/.pico-sdk/sdk/2.1.0/src/rp2_common/hardware_irq/irq.c.obj
                0x10000914                irq_add_tail_to_free_list
 .text.user_irq_claim_unused
                0x100009c8       0x2c CMakeFiles/semaforo.dir/C_/Users/paola/.pico-sdk/sdk/2.1.0/src/rp2_common/hardware_irq/irq.c.obj
                0x100009c8                user_irq_claim_unused
 .text.lock_init
                0x100009f4       0x10 CMakeFiles/semaforo.dir/C_/Users/paola/.pico-sdk/sdk/2.1.0/src/common/pico_sync/lock_core.c.obj
                0x100009f4                lock_init
 .text.runtime_init_mutex
                0x10000a04       0x50 CMakeFiles/semaforo.dir/C_/Users/paola/.pico-sdk/sdk/2.1.0/src/common/pico_sync/mutex.c.obj
                0x10000a04                runtime_init_mutex
 .text.mutex_init
                0x10000a54       0x1c CMakeFiles/semaforo.dir/C_/Users/paola/.pico-sdk/sdk/2.1.0/src/common/pico_sync/mutex.c.obj
                0x10000a54                mutex_init
 .text.critical_section_init
                0x10000a70       0x1c CMakeFiles/semaforo.dir/C_/Users/paola/.pico-sdk/sdk/2.1.0/src/common/pico_sync/critical_section.c.obj
                0x10000a70                critical_section_init
 .text.critical_section_init_with_lock_num
                0x10000a8c       0x14 CMakeFiles/semaforo.dir/C_/Users/paola/.pico-sdk/sdk/2.1.0/src/common/pico_sync/critical_section.c.obj
                0x10000a8c                critical_section_init_with_lock_num
 .text.sleep_until_callback
                0x10000aa0       0x30 CMakeFiles/semaforo.dir/C_/Users/paola/.pico-sdk/sdk/2.1.0/src/common/pico_time/time.c.obj
 .text.alarm_pool_irq_handler
                0x10000ad0      0x2fc CMakeFiles/semaforo.dir/C_/Users/paola/.pico-sdk/sdk/2.1.0/src/common/pico_time/time.c.obj
 .text.runtime_init_default_alarm_pool
                0x10000dcc       0xdc CMakeFiles/semaforo.dir/C_/Users/paola/.pico-sdk/sdk/2.1.0/src/common/pico_time/time.c.obj
                0x10000dcc                runtime_init_default_alarm_pool
 .text.alarm_pool_get_default
                0x10000ea8        0x8 CMakeFiles/semaforo.dir/C_/Users/paola/.pico-sdk/sdk/2.1.0/src/common/pico_time/time.c.obj
                0x10000ea8                alarm_pool_get_default
 .text.alarm_pool_add_alarm_at
                0x10000eb0       0xd4 CMakeFiles/semaforo.dir/C_/Users/paola/.pico-sdk/sdk/2.1.0/src/common/pico_time/time.c.obj
                0x10000eb0                alarm_pool_add_alarm_at
 .text.alarm_pool_add_alarm_at_force_in_context
                0x10000f84       0xb0 CMakeFiles/semaforo.dir/C_/Users/paola/.pico-sdk/sdk/2.1.0/src/common/pico_time/time.c.obj
                0x10000f84                alarm_pool_add_alarm_at_force_in_context
 .text.alarm_pool_cancel_alarm
                0x10001034       0x74 CMakeFiles/semaforo.dir/C_/Users/paola/.pico-sdk/sdk/2.1.0/src/common/pico_time/time.c.obj
                0x10001034                alarm_pool_cancel_alarm
 .text.alarm_pool_core_num
                0x100010a8        0x4 CMakeFiles/semaforo.dir/C_/Users/paola/.pico-sdk/sdk/2.1.0/src/common/pico_time/time.c.obj
                0x100010a8                alarm_pool_core_num
 .text.sleep_until
                0x100010ac       0xd8 CMakeFiles/semaforo.dir/C_/Users/paola/.pico-sdk/sdk/2.1.0/src/common/pico_time/time.c.obj
                0x100010ac                sleep_until
 .text.sleep_ms
                0x10001184       0x38 CMakeFiles/semaforo.dir/C_/Users/paola/.pico-sdk/sdk/2.1.0/src/common/pico_time/time.c.obj
                0x10001184                sleep_ms
 .text.best_effort_wfe_or_timeout
                0x100011bc       0xe0 CMakeFiles/semaforo.dir/C_/Users/paola/.pico-sdk/sdk/2.1.0/src/common/pico_time/time.c.obj
                0x100011bc                best_effort_wfe_or_timeout
 .text.alarm_pool_add_repeating_timer_us
                0x1000129c      0x128 CMakeFiles/semaforo.dir/C_/Users/paola/.pico-sdk/sdk/2.1.0/src/common/pico_time/time.c.obj
                0x1000129c                alarm_pool_add_repeating_timer_us
 .text.timer_hardware_alarm_claim
                0x100013c4       0x14 CMakeFiles/semaforo.dir/C_/Users/paola/.pico-sdk/sdk/2.1.0/src/rp2_common/hardware_timer/timer.c.obj
                0x100013c4                timer_hardware_alarm_claim
 .text.timer_time_us_64
                0x100013d8       0x10 CMakeFiles/semaforo.dir/C_/Users/paola/.pico-sdk/sdk/2.1.0/src/rp2_common/hardware_timer/timer.c.obj
                0x100013d8                timer_time_us_64
 .text.time_us_64
                0x100013e8       0x14 CMakeFiles/semaforo.dir/C_/Users/paola/.pico-sdk/sdk/2.1.0/src/rp2_common/hardware_timer/timer.c.obj
                0x100013e8                time_us_64
 .text.busy_wait_until
                0x100013fc       0x20 CMakeFiles/semaforo.dir/C_/Users/paola/.pico-sdk/sdk/2.1.0/src/rp2_common/hardware_timer/timer.c.obj
                0x100013fc                busy_wait_until
 .text.clock_configure_int_divider
                0x1000141c       0xf4 CMakeFiles/semaforo.dir/C_/Users/paola/.pico-sdk/sdk/2.1.0/src/rp2_common/hardware_clocks/clocks.c.obj
                0x1000141c                clock_configure_int_divider
 .text.clock_configure_undivided
                0x10001510       0xe8 CMakeFiles/semaforo.dir/C_/Users/paola/.pico-sdk/sdk/2.1.0/src/rp2_common/hardware_clocks/clocks.c.obj
                0x10001510                clock_configure_undivided
 .text.clock_get_hz
                0x100015f8        0xc CMakeFiles/semaforo.dir/C_/Users/paola/.pico-sdk/sdk/2.1.0/src/rp2_common/hardware_clocks/clocks.c.obj
                0x100015f8                clock_get_hz
 .text.pll_init
                0x10001604       0xa4 CMakeFiles/semaforo.dir/C_/Users/paola/.pico-sdk/sdk/2.1.0/src/rp2_common/hardware_pll/pll.c.obj
                0x10001604                pll_init
 .text.watchdog_reboot
                0x100016a8       0x9c CMakeFiles/semaforo.dir/C_/Users/paola/.pico-sdk/sdk/2.1.0/src/rp2_common/hardware_watchdog/watchdog.c.obj
                0x100016a8                watchdog_reboot
 .text.tick_start
                0x10001744       0x10 CMakeFiles/semaforo.dir/C_/Users/paola/.pico-sdk/sdk/2.1.0/src/rp2_common/hardware_ticks/ticks.c.obj
                0x10001744                tick_start
 .text.rom_func_lookup
                0x10001754       0x10 CMakeFiles/semaforo.dir/C_/Users/paola/.pico-sdk/sdk/2.1.0/src/rp2_common/pico_bootrom/bootrom.c.obj
                0x10001754                rom_func_lookup
 .text.rom_data_lookup
                0x10001764       0x10 CMakeFiles/semaforo.dir/C_/Users/paola/.pico-sdk/sdk/2.1.0/src/rp2_common/pico_bootrom/bootrom.c.obj
                0x10001764                rom_data_lookup
 .text.rom_funcs_lookup
                0x10001774       0x44 CMakeFiles/semaforo.dir/C_/Users/paola/.pico-sdk/sdk/2.1.0/src/rp2_common/pico_bootrom/bootrom.c.obj
                0x10001774                rom_funcs_lookup
 .text.rom_reset_usb_boot_extra
                0x100017b8       0x28 CMakeFiles/semaforo.dir/C_/Users/paola/.pico-sdk/sdk/2.1.0/src/rp2_common/pico_bootrom/bootrom.c.obj
                0x100017b8                rom_reset_usb_boot_extra
 .text.xosc_init
                0x100017e0       0x28 CMakeFiles/semaforo.dir/C_/Users/paola/.pico-sdk/sdk/2.1.0/src/rp2_common/hardware_xosc/xosc.c.obj
                0x100017e0                xosc_init
 .text.first_per_core_initializer
                0x10001808        0x4 CMakeFiles/semaforo.dir/C_/Users/paola/.pico-sdk/sdk/2.1.0/src/rp2_common/pico_runtime/runtime.c.obj
 .text.hard_assertion_failure
                0x1000180c        0xc CMakeFiles/semaforo.dir/C_/Users/paola/.pico-sdk/sdk/2.1.0/src/rp2_common/pico_runtime/runtime.c.obj
                0x1000180c                hard_assertion_failure
 .text.runtime_run_initializers
                0x10001818       0x28 CMakeFiles/semaforo.dir/C_/Users/paola/.pico-sdk/sdk/2.1.0/src/rp2_common/pico_runtime/runtime.c.obj
                0x10001818                runtime_run_initializers
 .text.runtime_init_early_resets
                0x10001840       0x2c CMakeFiles/semaforo.dir/C_/Users/paola/.pico-sdk/sdk/2.1.0/src/rp2_common/pico_runtime_init/runtime_init.c.obj
                0x10001840                runtime_init_early_resets
 .text.runtime_init_usb_power_down
                0x1000186c       0x1c CMakeFiles/semaforo.dir/C_/Users/paola/.pico-sdk/sdk/2.1.0/src/rp2_common/pico_runtime_init/runtime_init.c.obj
                0x1000186c                runtime_init_usb_power_down
 .text.runtime_init_post_clock_resets
                0x10001888       0x20 CMakeFiles/semaforo.dir/C_/Users/paola/.pico-sdk/sdk/2.1.0/src/rp2_common/pico_runtime_init/runtime_init.c.obj
                0x10001888                runtime_init_post_clock_resets
 .text.runtime_init_rp2040_gpio_ie_disable
                0x100018a8       0x14 CMakeFiles/semaforo.dir/C_/Users/paola/.pico-sdk/sdk/2.1.0/src/rp2_common/pico_runtime_init/runtime_init.c.obj
                0x100018a8                runtime_init_rp2040_gpio_ie_disable
 .text.runtime_init_spin_locks_reset
                0x100018bc        0x8 CMakeFiles/semaforo.dir/C_/Users/paola/.pico-sdk/sdk/2.1.0/src/rp2_common/pico_runtime_init/runtime_init.c.obj
                0x100018bc                runtime_init_spin_locks_reset
 .text.runtime_init_install_ram_vector_table
                0x100018c4       0x1c CMakeFiles/semaforo.dir/C_/Users/paola/.pico-sdk/sdk/2.1.0/src/rp2_common/pico_runtime_init/runtime_init.c.obj
                0x100018c4                runtime_init_install_ram_vector_table
 .text.runtime_init_clocks
                0x100018e0       0xd8 CMakeFiles/semaforo.dir/C_/Users/paola/.pico-sdk/sdk/2.1.0/src/rp2_common/pico_runtime_init/runtime_init_clocks.c.obj
                0x100018e0                runtime_init_clocks
 .text          0x100019b8       0x10 CMakeFiles/semaforo.dir/C_/Users/paola/.pico-sdk/sdk/2.1.0/src/rp2_common/pico_bit_ops/bit_ops_aeabi.S.obj
 .text.__wrap___aeabi_idiv
                0x100019c8       0x50 CMakeFiles/semaforo.dir/C_/Users/paola/.pico-sdk/sdk/2.1.0/src/rp2_common/pico_divider/divider_hardware.S.obj
                0x100019c8                __wrap___aeabi_idivmod
                0x100019c8                divmod_s32s32
                0x100019c8                div_s32s32
                0x100019c8                __wrap___aeabi_idiv
                0x100019d0                divmod_s32s32_unsafe
                0x100019fc                divmod_s32s32_savestate
 .text.__wrap___aeabi_uidiv
                0x10001a18       0x4c CMakeFiles/semaforo.dir/C_/Users/paola/.pico-sdk/sdk/2.1.0/src/rp2_common/pico_divider/divider_hardware.S.obj
                0x10001a18                __wrap___aeabi_uidiv
                0x10001a18                __wrap___aeabi_uidivmod
                0x10001a18                div_u32u32
                0x10001a18                divmod_u32u32
                0x10001a20                divmod_u32u32_unsafe
                0x10001a48                divmod_u32u32_savestate
 .text.__wrap___aeabi_ldiv
                0x10001a64      0x424 CMakeFiles/semaforo.dir/C_/Users/paola/.pico-sdk/sdk/2.1.0/src/rp2_common/pico_divider/divider_hardware.S.obj
                0x10001a64                div_s64s64
                0x10001a64                divmod_s64s64
                0x10001a64                __wrap___aeabi_ldivmod
                0x10001a94                divmod_u64u64
                0x10001a94                div_u64u64
                0x10001a94                __wrap___aeabi_uldivmod
                0x10001aa4                divmod_u64u64_savestate
                0x10001ac4                divmod_s64s64_unsafe
                0x10001b4c                divmod_u64u64_unsafe
 .text.__wrap___aeabi_darithmetic
                0x10001e88       0x60 CMakeFiles/semaforo.dir/C_/Users/paola/.pico-sdk/sdk/2.1.0/src/rp2_common/pico_double/double_aeabi_rp2040.S.obj
                0x10001e88                __wrap___aeabi_drsub
                0x10001e8e                __wrap___aeabi_dsub
                0x10001e98                __wrap___aeabi_dadd
                0x10001ea2                __wrap___aeabi_ddiv
                0x10001ed6                __wrap___aeabi_dmul
 .text.__wrap___aeabi_cdcmple
                0x10001ee8       0x6c CMakeFiles/semaforo.dir/C_/Users/paola/.pico-sdk/sdk/2.1.0/src/rp2_common/pico_double/double_aeabi_rp2040.S.obj
                0x10001ee8                __wrap___aeabi_cdrcmple
                0x10001ef8                __wrap___aeabi_cdcmpeq
                0x10001ef8                __wrap___aeabi_cdcmple
 .text.__wrap___aeabi_dcmplt
                0x10001f54        0xc CMakeFiles/semaforo.dir/C_/Users/paola/.pico-sdk/sdk/2.1.0/src/rp2_common/pico_double/double_aeabi_rp2040.S.obj
                0x10001f54                __wrap___aeabi_dcmplt
 .text.__wrap___aeabi_dcmpge
                0x10001f60       0x10 CMakeFiles/semaforo.dir/C_/Users/paola/.pico-sdk/sdk/2.1.0/src/rp2_common/pico_double/double_aeabi_rp2040.S.obj
                0x10001f60                __wrap___aeabi_dcmpge
 .text.__wrap___aeabi_dcmpgt
                0x10001f70        0xa CMakeFiles/semaforo.dir/C_/Users/paola/.pico-sdk/sdk/2.1.0/src/rp2_common/pico_double/double_aeabi_rp2040.S.obj
                0x10001f70                __wrap___aeabi_dcmpgt
 .text.__wrap___aeabi_dcmpun
                0x10001f7a       0x18 CMakeFiles/semaforo.dir/C_/Users/paola/.pico-sdk/sdk/2.1.0/src/rp2_common/pico_double/double_aeabi_rp2040.S.obj
                0x10001f7a                __wrap___aeabi_dcmpun
 *fill*         0x10001f92        0x2 
 .text.__wrap___aeabi_i2d
                0x10001f94       0x38 CMakeFiles/semaforo.dir/C_/Users/paola/.pico-sdk/sdk/2.1.0/src/rp2_common/pico_double/double_aeabi_rp2040.S.obj
                0x10001f94                __wrap___aeabi_ui2d
                0x10001f9c                __wrap___aeabi_i2d
 .text.__wrap___aeabi_d2iz
                0x10001fcc       0x48 CMakeFiles/semaforo.dir/C_/Users/paola/.pico-sdk/sdk/2.1.0/src/rp2_common/pico_double/double_aeabi_rp2040.S.obj
                0x10001fcc                double2int_z
                0x10001fcc                __wrap___aeabi_d2iz
 .text.__wrap___aeabi_d2uiz
                0x10002014       0x10 CMakeFiles/semaforo.dir/C_/Users/paola/.pico-sdk/sdk/2.1.0/src/rp2_common/pico_double/double_aeabi_rp2040.S.obj
                0x10002014                __wrap___aeabi_d2uiz
                0x10002014                double2uint
 .text.missing_double_func_shim
                0x10002024        0xc CMakeFiles/semaforo.dir/C_/Users/paola/.pico-sdk/sdk/2.1.0/src/rp2_common/pico_double/double_init_rom_rp2040.c.obj
 .text.__aeabi_double_init
                0x10002030       0xa0 CMakeFiles/semaforo.dir/C_/Users/paola/.pico-sdk/sdk/2.1.0/src/rp2_common/pico_double/double_init_rom_rp2040.c.obj
                0x10002030                __aeabi_double_init
 .text.double_table_shim_on_use_helper
                0x100020d0       0x2c CMakeFiles/semaforo.dir/C_/Users/paola/.pico-sdk/sdk/2.1.0/src/rp2_common/pico_double/double_v1_rom_shim_rp2040.S.obj
                0x100020d0                double_table_shim_on_use_helper
 .text.__aeabi_lmul
                0x100020fc       0x32 CMakeFiles/semaforo.dir/C_/Users/paola/.pico-sdk/sdk/2.1.0/src/rp2_common/pico_int64_ops/pico_int64_ops_aeabi.S.obj
                0x100020fc                __wrap___aeabi_lmul
 *fill*         0x1000212e        0x2 
 .text.missing_float_func_shim
                0x10002130        0xc CMakeFiles/semaforo.dir/C_/Users/paola/.pico-sdk/sdk/2.1.0/src/rp2_common/pico_float/float_init_rom_rp2040.c.obj
 .text.__aeabi_float_init
                0x1000213c       0x5c CMakeFiles/semaforo.dir/C_/Users/paola/.pico-sdk/sdk/2.1.0/src/rp2_common/pico_float/float_init_rom_rp2040.c.obj
                0x1000213c                __aeabi_float_init
 .text          0x10002198       0x10 CMakeFiles/semaforo.dir/C_/Users/paola/.pico-sdk/sdk/2.1.0/src/rp2_common/pico_mem_ops/mem_ops_aeabi.S.obj
                0x10002198                __aeabi_mem_init
 .text.memset   0x100021a8        0xc CMakeFiles/semaforo.dir/C_/Users/paola/.pico-sdk/sdk/2.1.0/src/rp2_common/pico_mem_ops/mem_ops_aeabi.S.obj
                0x100021a8                __wrap_memset
 .text.memcpy   0x100021b4        0xc CMakeFiles/semaforo.dir/C_/Users/paola/.pico-sdk/sdk/2.1.0/src/rp2_common/pico_mem_ops/mem_ops_aeabi.S.obj
                0x100021b4                __wrap_memcpy
                0x100021b4                __wrap___aeabi_memcpy
 .text._out_null
                0x100021c0        0x4 CMakeFiles/semaforo.dir/C_/Users/paola/.pico-sdk/sdk/2.1.0/src/rp2_common/pico_printf/printf.c.obj
 .text._out_rev
                0x100021c4       0xac CMakeFiles/semaforo.dir/C_/Users/paola/.pico-sdk/sdk/2.1.0/src/rp2_common/pico_printf/printf.c.obj
 .text._ntoa_format
                0x10002270      0x250 CMakeFiles/semaforo.dir/C_/Users/paola/.pico-sdk/sdk/2.1.0/src/rp2_common/pico_printf/printf.c.obj
 .text._out_char
                0x100024c0       0x10 CMakeFiles/semaforo.dir/C_/Users/paola/.pico-sdk/sdk/2.1.0/src/rp2_common/pico_printf/printf.c.obj
 .text._out_fct
                0x100024d0       0x10 CMakeFiles/semaforo.dir/C_/Users/paola/.pico-sdk/sdk/2.1.0/src/rp2_common/pico_printf/printf.c.obj
 .text._etoa    0x100024e0      0x464 CMakeFiles/semaforo.dir/C_/Users/paola/.pico-sdk/sdk/2.1.0/src/rp2_common/pico_printf/printf.c.obj
 .text._ftoa    0x10002944      0x3c0 CMakeFiles/semaforo.dir/C_/Users/paola/.pico-sdk/sdk/2.1.0/src/rp2_common/pico_printf/printf.c.obj
 .text._vsnprintf
                0x10002d04      0xbc8 CMakeFiles/semaforo.dir/C_/Users/paola/.pico-sdk/sdk/2.1.0/src/rp2_common/pico_printf/printf.c.obj
 .text.vfctprintf
                0x100038cc       0x20 CMakeFiles/semaforo.dir/C_/Users/paola/.pico-sdk/sdk/2.1.0/src/rp2_common/pico_printf/printf.c.obj
                0x100038cc                vfctprintf
 .text.weak_raw_vprintf
                0x100038ec       0x30 CMakeFiles/semaforo.dir/C_/Users/paola/.pico-sdk/sdk/2.1.0/src/rp2_common/pico_printf/printf.c.obj
                0x100038ec                weak_raw_vprintf
 .text._exit    0x1000391c        0x4 CMakeFiles/semaforo.dir/C_/Users/paola/.pico-sdk/sdk/2.1.0/src/rp2_common/pico_clib_interface/newlib_interface.c.obj
                0x1000391c                _exit
 .text.exit     0x10003920        0x8 CMakeFiles/semaforo.dir/C_/Users/paola/.pico-sdk/sdk/2.1.0/src/rp2_common/pico_clib_interface/newlib_interface.c.obj
                0x10003920                exit
 .text.runtime_init
                0x10003928       0x2c CMakeFiles/semaforo.dir/C_/Users/paola/.pico-sdk/sdk/2.1.0/src/rp2_common/pico_clib_interface/newlib_interface.c.obj
                0x10003928                runtime_init
 .text.stdio_out_chars_no_crlf
                0x10003954       0x10 CMakeFiles/semaforo.dir/C_/Users/paola/.pico-sdk/sdk/2.1.0/src/rp2_common/pico_stdio/stdio.c.obj
 .text.stdio_out_chars_crlf
                0x10003964       0x94 CMakeFiles/semaforo.dir/C_/Users/paola/.pico-sdk/sdk/2.1.0/src/rp2_common/pico_stdio/stdio.c.obj
 .text.stdio_buffered_printer
                0x100039f8       0x64 CMakeFiles/semaforo.dir/C_/Users/paola/.pico-sdk/sdk/2.1.0/src/rp2_common/pico_stdio/stdio.c.obj
 .text.stdio_put_string
                0x10003a5c      0x100 CMakeFiles/semaforo.dir/C_/Users/paola/.pico-sdk/sdk/2.1.0/src/rp2_common/pico_stdio/stdio.c.obj
                0x10003a5c                stdio_put_string
 .text.stdio_set_driver_enabled
                0x10003b5c       0x30 CMakeFiles/semaforo.dir/C_/Users/paola/.pico-sdk/sdk/2.1.0/src/rp2_common/pico_stdio/stdio.c.obj
                0x10003b5c                stdio_set_driver_enabled
 .text.stdio_init_all
                0x10003b8c        0x8 CMakeFiles/semaforo.dir/C_/Users/paola/.pico-sdk/sdk/2.1.0/src/rp2_common/pico_stdio/stdio.c.obj
                0x10003b8c                stdio_init_all
 .text.__wrap_putchar
                0x10003b94       0x98 CMakeFiles/semaforo.dir/C_/Users/paola/.pico-sdk/sdk/2.1.0/src/rp2_common/pico_stdio/stdio.c.obj
                0x10003b94                __wrap_putchar
                0x10003b94                stdio_putchar
 .text.__wrap_puts
                0x10003c2c       0x3c CMakeFiles/semaforo.dir/C_/Users/paola/.pico-sdk/sdk/2.1.0/src/rp2_common/pico_stdio/stdio.c.obj
                0x10003c2c                stdio_puts
                0x10003c2c                __wrap_puts
 .text.__wrap_vprintf
                0x10003c68       0xd4 CMakeFiles/semaforo.dir/C_/Users/paola/.pico-sdk/sdk/2.1.0/src/rp2_common/pico_stdio/stdio.c.obj
                0x10003c68                stdio_vprintf
                0x10003c68                __wrap_vprintf
 .text.__wrap_printf
                0x10003d3c       0x18 CMakeFiles/semaforo.dir/C_/Users/paola/.pico-sdk/sdk/2.1.0/src/rp2_common/pico_stdio/stdio.c.obj
                0x10003d3c                __wrap_printf
                0x10003d3c                stdio_printf
 .text.resetd_init
                0x10003d54        0x4 CMakeFiles/semaforo.dir/C_/Users/paola/.pico-sdk/sdk/2.1.0/src/rp2_common/pico_stdio_usb/reset_interface.c.obj
 .text.resetd_reset
                0x10003d58        0xc CMakeFiles/semaforo.dir/C_/Users/paola/.pico-sdk/sdk/2.1.0/src/rp2_common/pico_stdio_usb/reset_interface.c.obj
 .text.resetd_open
                0x10003d64       0x28 CMakeFiles/semaforo.dir/C_/Users/paola/.pico-sdk/sdk/2.1.0/src/rp2_common/pico_stdio_usb/reset_interface.c.obj
 .text.resetd_xfer_cb
                0x10003d8c        0x4 CMakeFiles/semaforo.dir/C_/Users/paola/.pico-sdk/sdk/2.1.0/src/rp2_common/pico_stdio_usb/reset_interface.c.obj
 .text.resetd_control_xfer_cb
                0x10003d90       0x5c CMakeFiles/semaforo.dir/C_/Users/paola/.pico-sdk/sdk/2.1.0/src/rp2_common/pico_stdio_usb/reset_interface.c.obj
 .text.tud_descriptor_bos_cb
                0x10003dec        0x8 CMakeFiles/semaforo.dir/C_/Users/paola/.pico-sdk/sdk/2.1.0/src/rp2_common/pico_stdio_usb/reset_interface.c.obj
                0x10003dec                tud_descriptor_bos_cb
 .text.tud_vendor_control_xfer_cb
                0x10003df4       0x34 CMakeFiles/semaforo.dir/C_/Users/paola/.pico-sdk/sdk/2.1.0/src/rp2_common/pico_stdio_usb/reset_interface.c.obj
                0x10003df4                tud_vendor_control_xfer_cb
 .text.usbd_app_driver_get_cb
                0x10003e28        0xc CMakeFiles/semaforo.dir/C_/Users/paola/.pico-sdk/sdk/2.1.0/src/rp2_common/pico_stdio_usb/reset_interface.c.obj
                0x10003e28                usbd_app_driver_get_cb
 .text.tud_cdc_line_coding_cb
                0x10003e34       0x2c CMakeFiles/semaforo.dir/C_/Users/paola/.pico-sdk/sdk/2.1.0/src/rp2_common/pico_stdio_usb/reset_interface.c.obj
                0x10003e34                tud_cdc_line_coding_cb
 .text.stdio_usb_set_chars_available_callback
                0x10003e60       0x14 CMakeFiles/semaforo.dir/C_/Users/paola/.pico-sdk/sdk/2.1.0/src/rp2_common/pico_stdio_usb/stdio_usb.c.obj
                0x10003e60                stdio_usb_set_chars_available_callback
 .text.usb_irq  0x10003e74       0x10 CMakeFiles/semaforo.dir/C_/Users/paola/.pico-sdk/sdk/2.1.0/src/rp2_common/pico_stdio_usb/stdio_usb.c.obj
 .text.timer_task
                0x10003e84       0x64 CMakeFiles/semaforo.dir/C_/Users/paola/.pico-sdk/sdk/2.1.0/src/rp2_common/pico_stdio_usb/stdio_usb.c.obj
 .text.stdio_usb_in_chars
                0x10003ee8       0x90 CMakeFiles/semaforo.dir/C_/Users/paola/.pico-sdk/sdk/2.1.0/src/rp2_common/pico_stdio_usb/stdio_usb.c.obj
                0x10003ee8                stdio_usb_in_chars
 .text.stdio_usb_out_flush
                0x10003f78       0x50 CMakeFiles/semaforo.dir/C_/Users/paola/.pico-sdk/sdk/2.1.0/src/rp2_common/pico_stdio_usb/stdio_usb.c.obj
 .text.stdio_usb_out_chars
                0x10003fc8      0x104 CMakeFiles/semaforo.dir/C_/Users/paola/.pico-sdk/sdk/2.1.0/src/rp2_common/pico_stdio_usb/stdio_usb.c.obj
 .text.low_priority_worker_irq
                0x100040cc       0xcc CMakeFiles/semaforo.dir/C_/Users/paola/.pico-sdk/sdk/2.1.0/src/rp2_common/pico_stdio_usb/stdio_usb.c.obj
 .text.stdio_usb_init
                0x10004198       0xe8 CMakeFiles/semaforo.dir/C_/Users/paola/.pico-sdk/sdk/2.1.0/src/rp2_common/pico_stdio_usb/stdio_usb.c.obj
                0x10004198                stdio_usb_init
 .text.tud_descriptor_device_cb
                0x10004280        0x8 CMakeFiles/semaforo.dir/C_/Users/paola/.pico-sdk/sdk/2.1.0/src/rp2_common/pico_stdio_usb/stdio_usb_descriptors.c.obj
                0x10004280                tud_descriptor_device_cb
 .text.tud_descriptor_configuration_cb
                0x10004288        0x8 CMakeFiles/semaforo.dir/C_/Users/paola/.pico-sdk/sdk/2.1.0/src/rp2_common/pico_stdio_usb/stdio_usb_descriptors.c.obj
                0x10004288                tud_descriptor_configuration_cb
 .text.tud_descriptor_string_cb
                0x10004290       0x78 CMakeFiles/semaforo.dir/C_/Users/paola/.pico-sdk/sdk/2.1.0/src/rp2_common/pico_stdio_usb/stdio_usb_descriptors.c.obj
                0x10004290                tud_descriptor_string_cb
 .text.startup._retrieve_unique_id_on_boot
                0x10004308       0x10 CMakeFiles/semaforo.dir/C_/Users/paola/.pico-sdk/sdk/2.1.0/src/rp2_common/pico_unique_id/unique_id.c.obj
 .text.pico_get_unique_board_id_string
                0x10004318      0x1a8 CMakeFiles/semaforo.dir/C_/Users/paola/.pico-sdk/sdk/2.1.0/src/rp2_common/pico_unique_id/unique_id.c.obj
                0x10004318                pico_get_unique_board_id_string
 .text.flash_get_unique_id
                0x100044c0       0x3c CMakeFiles/semaforo.dir/C_/Users/paola/.pico-sdk/sdk/2.1.0/src/rp2_common/hardware_flash/flash.c.obj
                0x100044c0                flash_get_unique_id
 .text.dcd_init
                0x100044fc       0x8c CMakeFiles/semaforo.dir/C_/Users/paola/.pico-sdk/sdk/2.1.0/lib/tinyusb/src/portable/raspberrypi/rp2040/dcd_rp2040.c.obj
                0x100044fc                dcd_init
 .text.dcd_int_enable
                0x10004588        0xc CMakeFiles/semaforo.dir/C_/Users/paola/.pico-sdk/sdk/2.1.0/lib/tinyusb/src/portable/raspberrypi/rp2040/dcd_rp2040.c.obj
                0x10004588                dcd_int_enable
 .text.dcd_set_address
                0x10004594       0x14 CMakeFiles/semaforo.dir/C_/Users/paola/.pico-sdk/sdk/2.1.0/lib/tinyusb/src/portable/raspberrypi/rp2040/dcd_rp2040.c.obj
                0x10004594                dcd_set_address
 .text.dcd_sof_enable
                0x100045a8       0x1c CMakeFiles/semaforo.dir/C_/Users/paola/.pico-sdk/sdk/2.1.0/lib/tinyusb/src/portable/raspberrypi/rp2040/dcd_rp2040.c.obj
                0x100045a8                dcd_sof_enable
 .text.dcd_edpt0_status_complete
                0x100045c4       0x1c CMakeFiles/semaforo.dir/C_/Users/paola/.pico-sdk/sdk/2.1.0/lib/tinyusb/src/portable/raspberrypi/rp2040/dcd_rp2040.c.obj
                0x100045c4                dcd_edpt0_status_complete
 .text.dcd_edpt_open
                0x100045e0      0x108 CMakeFiles/semaforo.dir/C_/Users/paola/.pico-sdk/sdk/2.1.0/lib/tinyusb/src/portable/raspberrypi/rp2040/dcd_rp2040.c.obj
                0x100045e0                dcd_edpt_open
 .text.dcd_edpt_close_all
                0x100046e8        0x8 CMakeFiles/semaforo.dir/C_/Users/paola/.pico-sdk/sdk/2.1.0/lib/tinyusb/src/portable/raspberrypi/rp2040/dcd_rp2040.c.obj
                0x100046e8                dcd_edpt_close_all
 .text.dcd_edpt_xfer
                0x100046f0       0x24 CMakeFiles/semaforo.dir/C_/Users/paola/.pico-sdk/sdk/2.1.0/lib/tinyusb/src/portable/raspberrypi/rp2040/dcd_rp2040.c.obj
                0x100046f0                dcd_edpt_xfer
 .text.dcd_edpt_stall
                0x10004714       0x34 CMakeFiles/semaforo.dir/C_/Users/paola/.pico-sdk/sdk/2.1.0/lib/tinyusb/src/portable/raspberrypi/rp2040/dcd_rp2040.c.obj
                0x10004714                dcd_edpt_stall
 .text.dcd_edpt_clear_stall
                0x10004748       0x30 CMakeFiles/semaforo.dir/C_/Users/paola/.pico-sdk/sdk/2.1.0/lib/tinyusb/src/portable/raspberrypi/rp2040/dcd_rp2040.c.obj
                0x10004748                dcd_edpt_clear_stall
 .text.rp2040_usb_init
                0x10004778       0x40 CMakeFiles/semaforo.dir/C_/Users/paola/.pico-sdk/sdk/2.1.0/lib/tinyusb/src/portable/raspberrypi/rp2040/rp2040_usb.c.obj
                0x10004778                rp2040_usb_init
 .text.hw_endpoint_xfer_start
                0x100047b8       0x40 CMakeFiles/semaforo.dir/C_/Users/paola/.pico-sdk/sdk/2.1.0/lib/tinyusb/src/portable/raspberrypi/rp2040/rp2040_usb.c.obj
                0x100047b8                hw_endpoint_xfer_start
 .text.tud_event_hook_cb
                0x100047f8        0x4 CMakeFiles/semaforo.dir/C_/Users/paola/.pico-sdk/sdk/2.1.0/lib/tinyusb/src/device/usbd.c.obj
                0x100047f8                tud_event_hook_cb
 .text.tud_sof_cb
                0x100047fc        0x4 CMakeFiles/semaforo.dir/C_/Users/paola/.pico-sdk/sdk/2.1.0/lib/tinyusb/src/device/usbd.c.obj
                0x100047fc                tud_sof_cb
 .text.tud_descriptor_device_qualifier_cb
                0x10004800        0x4 CMakeFiles/semaforo.dir/C_/Users/paola/.pico-sdk/sdk/2.1.0/lib/tinyusb/src/device/usbd.c.obj
                0x10004800                tud_descriptor_device_qualifier_cb
 .text.tud_descriptor_other_speed_configuration_cb
                0x10004804        0x4 CMakeFiles/semaforo.dir/C_/Users/paola/.pico-sdk/sdk/2.1.0/lib/tinyusb/src/device/usbd.c.obj
                0x10004804                tud_descriptor_other_speed_configuration_cb
 .text.tud_mount_cb
                0x10004808        0x4 CMakeFiles/semaforo.dir/C_/Users/paola/.pico-sdk/sdk/2.1.0/lib/tinyusb/src/device/usbd.c.obj
                0x10004808                tud_mount_cb
 .text.tud_umount_cb
                0x1000480c        0x4 CMakeFiles/semaforo.dir/C_/Users/paola/.pico-sdk/sdk/2.1.0/lib/tinyusb/src/device/usbd.c.obj
                0x1000480c                tud_umount_cb
 .text.tud_suspend_cb
                0x10004810        0x4 CMakeFiles/semaforo.dir/C_/Users/paola/.pico-sdk/sdk/2.1.0/lib/tinyusb/src/device/usbd.c.obj
                0x10004810                tud_suspend_cb
 .text.tud_resume_cb
                0x10004814        0x4 CMakeFiles/semaforo.dir/C_/Users/paola/.pico-sdk/sdk/2.1.0/lib/tinyusb/src/device/usbd.c.obj
                0x10004814                tud_resume_cb
 .text.tud_mounted
                0x10004818       0x10 CMakeFiles/semaforo.dir/C_/Users/paola/.pico-sdk/sdk/2.1.0/lib/tinyusb/src/device/usbd.c.obj
                0x10004818                tud_mounted
 .text.tud_suspended
                0x10004828       0x10 CMakeFiles/semaforo.dir/C_/Users/paola/.pico-sdk/sdk/2.1.0/lib/tinyusb/src/device/usbd.c.obj
                0x10004828                tud_suspended
 .text.tud_init
                0x10004838       0xe4 CMakeFiles/semaforo.dir/C_/Users/paola/.pico-sdk/sdk/2.1.0/lib/tinyusb/src/device/usbd.c.obj
                0x10004838                tud_init
 .text.tud_task_ext
                0x1000491c      0x800 CMakeFiles/semaforo.dir/C_/Users/paola/.pico-sdk/sdk/2.1.0/lib/tinyusb/src/device/usbd.c.obj
                0x1000491c                tud_task_ext
 .text.usbd_open_edpt_pair
                0x1000511c       0x9c CMakeFiles/semaforo.dir/C_/Users/paola/.pico-sdk/sdk/2.1.0/lib/tinyusb/src/device/usbd.c.obj
                0x1000511c                usbd_open_edpt_pair
 .text.usbd_edpt_open
                0x100051b8       0x34 CMakeFiles/semaforo.dir/C_/Users/paola/.pico-sdk/sdk/2.1.0/lib/tinyusb/src/device/usbd.c.obj
                0x100051b8                usbd_edpt_open
 .text.usbd_edpt_claim
                0x100051ec       0x28 CMakeFiles/semaforo.dir/C_/Users/paola/.pico-sdk/sdk/2.1.0/lib/tinyusb/src/device/usbd.c.obj
                0x100051ec                usbd_edpt_claim
 .text.usbd_edpt_release
                0x10005214       0x28 CMakeFiles/semaforo.dir/C_/Users/paola/.pico-sdk/sdk/2.1.0/lib/tinyusb/src/device/usbd.c.obj
                0x10005214                usbd_edpt_release
 .text.usbd_edpt_xfer
                0x1000523c       0x4c CMakeFiles/semaforo.dir/C_/Users/paola/.pico-sdk/sdk/2.1.0/lib/tinyusb/src/device/usbd.c.obj
                0x1000523c                usbd_edpt_xfer
 .text.tud_control_status
                0x10005288       0x2c CMakeFiles/semaforo.dir/C_/Users/paola/.pico-sdk/sdk/2.1.0/lib/tinyusb/src/device/usbd_control.c.obj
                0x10005288                tud_control_status
 .text.tud_control_xfer
                0x100052b4       0xac CMakeFiles/semaforo.dir/C_/Users/paola/.pico-sdk/sdk/2.1.0/lib/tinyusb/src/device/usbd_control.c.obj
                0x100052b4                tud_control_xfer
 .text.usbd_control_reset
                0x10005360       0x14 CMakeFiles/semaforo.dir/C_/Users/paola/.pico-sdk/sdk/2.1.0/lib/tinyusb/src/device/usbd_control.c.obj
                0x10005360                usbd_control_reset
 .text.usbd_control_set_complete_callback
                0x10005374        0xc CMakeFiles/semaforo.dir/C_/Users/paola/.pico-sdk/sdk/2.1.0/lib/tinyusb/src/device/usbd_control.c.obj
                0x10005374                usbd_control_set_complete_callback
 .text.usbd_control_set_request
                0x10005380       0x1c CMakeFiles/semaforo.dir/C_/Users/paola/.pico-sdk/sdk/2.1.0/lib/tinyusb/src/device/usbd_control.c.obj
                0x10005380                usbd_control_set_request
 .text.usbd_control_xfer_cb
                0x1000539c       0xec CMakeFiles/semaforo.dir/C_/Users/paola/.pico-sdk/sdk/2.1.0/lib/tinyusb/src/device/usbd_control.c.obj
                0x1000539c                usbd_control_xfer_cb
 .text._prep_out_transaction.isra.0
                0x10005488       0x5c CMakeFiles/semaforo.dir/C_/Users/paola/.pico-sdk/sdk/2.1.0/lib/tinyusb/src/class/cdc/cdc_device.c.obj
 .text.tud_cdc_n_connected
                0x100054e4       0x30 CMakeFiles/semaforo.dir/C_/Users/paola/.pico-sdk/sdk/2.1.0/lib/tinyusb/src/class/cdc/cdc_device.c.obj
                0x100054e4                tud_cdc_n_connected
 .text.tud_cdc_n_available
                0x10005514       0x18 CMakeFiles/semaforo.dir/C_/Users/paola/.pico-sdk/sdk/2.1.0/lib/tinyusb/src/class/cdc/cdc_device.c.obj
                0x10005514                tud_cdc_n_available
 .text.tud_cdc_n_read
                0x1000552c       0x98 CMakeFiles/semaforo.dir/C_/Users/paola/.pico-sdk/sdk/2.1.0/lib/tinyusb/src/class/cdc/cdc_device.c.obj
                0x1000552c                tud_cdc_n_read
 .text.tud_cdc_n_write_flush
                0x100055c4       0x78 CMakeFiles/semaforo.dir/C_/Users/paola/.pico-sdk/sdk/2.1.0/lib/tinyusb/src/class/cdc/cdc_device.c.obj
                0x100055c4                tud_cdc_n_write_flush
 .text.tud_cdc_n_write
                0x1000563c       0x40 CMakeFiles/semaforo.dir/C_/Users/paola/.pico-sdk/sdk/2.1.0/lib/tinyusb/src/class/cdc/cdc_device.c.obj
                0x1000563c                tud_cdc_n_write
 .text.tud_cdc_n_write_available
                0x1000567c       0x18 CMakeFiles/semaforo.dir/C_/Users/paola/.pico-sdk/sdk/2.1.0/lib/tinyusb/src/class/cdc/cdc_device.c.obj
                0x1000567c                tud_cdc_n_write_available
 .text.cdcd_init
                0x10005694       0x7c CMakeFiles/semaforo.dir/C_/Users/paola/.pico-sdk/sdk/2.1.0/lib/tinyusb/src/class/cdc/cdc_device.c.obj
                0x10005694                cdcd_init
 .text.cdcd_deinit
                0x10005710       0x34 CMakeFiles/semaforo.dir/C_/Users/paola/.pico-sdk/sdk/2.1.0/lib/tinyusb/src/class/cdc/cdc_device.c.obj
                0x10005710                cdcd_deinit
 .text.cdcd_reset
                0x10005744       0x4c CMakeFiles/semaforo.dir/C_/Users/paola/.pico-sdk/sdk/2.1.0/lib/tinyusb/src/class/cdc/cdc_device.c.obj
                0x10005744                cdcd_reset
 .text.cdcd_open
                0x10005790       0xb0 CMakeFiles/semaforo.dir/C_/Users/paola/.pico-sdk/sdk/2.1.0/lib/tinyusb/src/class/cdc/cdc_device.c.obj
                0x10005790                cdcd_open
 .text.cdcd_control_xfer_cb
                0x10005840       0xe4 CMakeFiles/semaforo.dir/C_/Users/paola/.pico-sdk/sdk/2.1.0/lib/tinyusb/src/class/cdc/cdc_device.c.obj
                0x10005840                cdcd_control_xfer_cb
 .text.cdcd_xfer_cb
                0x10005924      0x100 CMakeFiles/semaforo.dir/C_/Users/paola/.pico-sdk/sdk/2.1.0/lib/tinyusb/src/class/cdc/cdc_device.c.obj
                0x10005924                cdcd_xfer_cb
 .text.vendord_init
                0x10005a24       0x5c CMakeFiles/semaforo.dir/C_/Users/paola/.pico-sdk/sdk/2.1.0/lib/tinyusb/src/class/vendor/vendor_device.c.obj
                0x10005a24                vendord_init
 .text.vendord_deinit
                0x10005a80       0x1c CMakeFiles/semaforo.dir/C_/Users/paola/.pico-sdk/sdk/2.1.0/lib/tinyusb/src/class/vendor/vendor_device.c.obj
                0x10005a80                vendord_deinit
 .text.vendord_reset
                0x10005a9c       0x20 CMakeFiles/semaforo.dir/C_/Users/paola/.pico-sdk/sdk/2.1.0/lib/tinyusb/src/class/vendor/vendor_device.c.obj
                0x10005a9c                vendord_reset
 .text.vendord_open
                0x10005abc      0x138 CMakeFiles/semaforo.dir/C_/Users/paola/.pico-sdk/sdk/2.1.0/lib/tinyusb/src/class/vendor/vendor_device.c.obj
                0x10005abc                vendord_open
 .text.vendord_xfer_cb
                0x10005bf4       0x9c CMakeFiles/semaforo.dir/C_/Users/paola/.pico-sdk/sdk/2.1.0/lib/tinyusb/src/class/vendor/vendor_device.c.obj
                0x10005bf4                vendord_xfer_cb
 .text.tusb_init
                0x10005c90        0xc CMakeFiles/semaforo.dir/C_/Users/paola/.pico-sdk/sdk/2.1.0/lib/tinyusb/src/tusb.c.obj
                0x10005c90                tusb_init
 .text.tu_edpt_claim
                0x10005c9c       0x50 CMakeFiles/semaforo.dir/C_/Users/paola/.pico-sdk/sdk/2.1.0/lib/tinyusb/src/tusb.c.obj
                0x10005c9c                tu_edpt_claim
 .text.tu_edpt_release
                0x10005cec       0x38 CMakeFiles/semaforo.dir/C_/Users/paola/.pico-sdk/sdk/2.1.0/lib/tinyusb/src/tusb.c.obj
                0x10005cec                tu_edpt_release
 .text.tu_edpt_validate
                0x10005d24       0x7c CMakeFiles/semaforo.dir/C_/Users/paola/.pico-sdk/sdk/2.1.0/lib/tinyusb/src/tusb.c.obj
                0x10005d24                tu_edpt_validate
 .text.tu_edpt_bind_driver
                0x10005da0       0x34 CMakeFiles/semaforo.dir/C_/Users/paola/.pico-sdk/sdk/2.1.0/lib/tinyusb/src/tusb.c.obj
                0x10005da0                tu_edpt_bind_driver
 .text.tu_edpt_stream_init
                0x10005dd4       0x6c CMakeFiles/semaforo.dir/C_/Users/paola/.pico-sdk/sdk/2.1.0/lib/tinyusb/src/tusb.c.obj
                0x10005dd4                tu_edpt_stream_init
 .text.tu_edpt_stream_deinit
                0x10005e40        0x4 CMakeFiles/semaforo.dir/C_/Users/paola/.pico-sdk/sdk/2.1.0/lib/tinyusb/src/tusb.c.obj
                0x10005e40                tu_edpt_stream_deinit
 .text.tu_edpt_stream_write_zlp_if_needed
                0x10005e44       0x68 CMakeFiles/semaforo.dir/C_/Users/paola/.pico-sdk/sdk/2.1.0/lib/tinyusb/src/tusb.c.obj
                0x10005e44                tu_edpt_stream_write_zlp_if_needed
 .text.tu_edpt_stream_write_xfer
                0x10005eac       0x64 CMakeFiles/semaforo.dir/C_/Users/paola/.pico-sdk/sdk/2.1.0/lib/tinyusb/src/tusb.c.obj
                0x10005eac                tu_edpt_stream_write_xfer
 .text.tu_edpt_stream_read_xfer
                0x10005f10       0xdc CMakeFiles/semaforo.dir/C_/Users/paola/.pico-sdk/sdk/2.1.0/lib/tinyusb/src/tusb.c.obj
                0x10005f10                tu_edpt_stream_read_xfer
 .text.tu_fifo_config
                0x10005fec       0x6c CMakeFiles/semaforo.dir/C_/Users/paola/.pico-sdk/sdk/2.1.0/lib/tinyusb/src/common/tusb_fifo.c.obj
                0x10005fec                tu_fifo_config
 .text.tu_fifo_count
                0x10006058       0x2c CMakeFiles/semaforo.dir/C_/Users/paola/.pico-sdk/sdk/2.1.0/lib/tinyusb/src/common/tusb_fifo.c.obj
                0x10006058                tu_fifo_count
 .text.tu_fifo_empty
                0x10006084       0x10 CMakeFiles/semaforo.dir/C_/Users/paola/.pico-sdk/sdk/2.1.0/lib/tinyusb/src/common/tusb_fifo.c.obj
                0x10006084                tu_fifo_empty
 .text.tu_fifo_remaining
                0x10006094       0x2c CMakeFiles/semaforo.dir/C_/Users/paola/.pico-sdk/sdk/2.1.0/lib/tinyusb/src/common/tusb_fifo.c.obj
                0x10006094                tu_fifo_remaining
 .text.tu_fifo_read
                0x100060c0       0x9c CMakeFiles/semaforo.dir/C_/Users/paola/.pico-sdk/sdk/2.1.0/lib/tinyusb/src/common/tusb_fifo.c.obj
                0x100060c0                tu_fifo_read
 .text.tu_fifo_read_n
                0x1000615c       0xe8 CMakeFiles/semaforo.dir/C_/Users/paola/.pico-sdk/sdk/2.1.0/lib/tinyusb/src/common/tusb_fifo.c.obj
                0x1000615c                tu_fifo_read_n
 .text.tu_fifo_write
                0x10006244       0xa8 CMakeFiles/semaforo.dir/C_/Users/paola/.pico-sdk/sdk/2.1.0/lib/tinyusb/src/common/tusb_fifo.c.obj
                0x10006244                tu_fifo_write
 .text.tu_fifo_write_n
                0x100062ec      0x178 CMakeFiles/semaforo.dir/C_/Users/paola/.pico-sdk/sdk/2.1.0/lib/tinyusb/src/common/tusb_fifo.c.obj
                0x100062ec                tu_fifo_write_n
 .text.tu_fifo_clear
                0x10006464       0x40 CMakeFiles/semaforo.dir/C_/Users/paola/.pico-sdk/sdk/2.1.0/lib/tinyusb/src/common/tusb_fifo.c.obj
                0x10006464                tu_fifo_clear
 .text.tu_fifo_set_overwritable
                0x100064a4       0x48 CMakeFiles/semaforo.dir/C_/Users/paola/.pico-sdk/sdk/2.1.0/lib/tinyusb/src/common/tusb_fifo.c.obj
                0x100064a4                tu_fifo_set_overwritable
 .text.strlen   0x100064ec       0x5c C:/Users/paola/.pico-sdk/toolchain/13_3_Rel1/bin/../lib/gcc/arm-none-eabi/13.3.1/thumb/v6-m/nofp\libg.a(libc_a-strlen-stub.o)
                0x100064ec                strlen
 *(.fini)
 .fini          0x10006548        0x4 C:/Users/paola/.pico-sdk/toolchain/13_3_Rel1/bin/../lib/gcc/arm-none-eabi/13.3.1/thumb/v6-m/nofp/crti.o
                0x10006548                _fini
 *fill*         0x1000654c        0x4 
 .fini.__stub   0x10006550       0xc0 linker stubs
 *crtbegin.o(.ctors)
 *crtbegin?.o(.ctors)
 *(EXCLUDE_FILE(*crtend.o *crtend?.o) .ctors)
 *(SORT_BY_NAME(.ctors.*))
 *(.ctors)
 *crtbegin.o(.dtors)
 *crtbegin?.o(.dtors)
 *(EXCLUDE_FILE(*crtend.o *crtend?.o) .dtors)
 *(SORT_BY_NAME(.dtors.*))
 *(.dtors)
                0x10006610                        . = ALIGN (0x4)
                0x10006610                        PROVIDE (__preinit_array_start = .)
 *(SORT_BY_NAME(.preinit_array.*))
 .preinit_array.00100
                0x10006610        0x4 CMakeFiles/semaforo.dir/C_/Users/paola/.pico-sdk/sdk/2.1.0/src/rp2_common/pico_runtime_init/runtime_init.c.obj
                0x10006610                __pre_init_runtime_init_early_resets
 .preinit_array.00101
                0x10006614        0x4 CMakeFiles/semaforo.dir/C_/Users/paola/.pico-sdk/sdk/2.1.0/src/rp2_common/pico_runtime_init/runtime_init.c.obj
                0x10006614                __pre_init_runtime_init_usb_power_down
 .preinit_array.00275
                0x10006618        0x4 CMakeFiles/semaforo.dir/C_/Users/paola/.pico-sdk/sdk/2.1.0/src/rp2_common/pico_bit_ops/bit_ops_aeabi.S.obj
 .preinit_array.00300
                0x1000661c        0x4 CMakeFiles/semaforo.dir/C_/Users/paola/.pico-sdk/sdk/2.1.0/src/rp2_common/pico_mem_ops/mem_ops_aeabi.S.obj
 .preinit_array.00350
                0x10006620        0x4 CMakeFiles/semaforo.dir/C_/Users/paola/.pico-sdk/sdk/2.1.0/src/rp2_common/pico_double/double_aeabi_rp2040.S.obj
 .preinit_array.00350
                0x10006624        0x4 CMakeFiles/semaforo.dir/C_/Users/paola/.pico-sdk/sdk/2.1.0/src/rp2_common/pico_float/float_aeabi_rp2040.S.obj
 .preinit_array.00500
                0x10006628        0x4 CMakeFiles/semaforo.dir/C_/Users/paola/.pico-sdk/sdk/2.1.0/src/rp2_common/pico_runtime_init/runtime_init.c.obj
                0x10006628                __pre_init_runtime_init_clocks
 .preinit_array.00600
                0x1000662c        0x4 CMakeFiles/semaforo.dir/C_/Users/paola/.pico-sdk/sdk/2.1.0/src/rp2_common/pico_runtime_init/runtime_init.c.obj
                0x1000662c                __pre_init_runtime_init_post_clock_resets
 .preinit_array.00700
                0x10006630        0x4 CMakeFiles/semaforo.dir/C_/Users/paola/.pico-sdk/sdk/2.1.0/src/rp2_common/pico_runtime_init/runtime_init.c.obj
                0x10006630                __pre_init_runtime_init_rp2040_gpio_ie_disable
 .preinit_array.01000
                0x10006634        0x4 CMakeFiles/semaforo.dir/C_/Users/paola/.pico-sdk/sdk/2.1.0/src/rp2_common/pico_runtime_init/runtime_init.c.obj
                0x10006634                __pre_init_runtime_init_spin_locks_reset
 .preinit_array.01100
                0x10006638        0x4 CMakeFiles/semaforo.dir/C_/Users/paola/.pico-sdk/sdk/2.1.0/src/common/pico_sync/mutex.c.obj
                0x10006638                __pre_init_runtime_init_mutex
 .preinit_array.10080
                0x1000663c        0x4 CMakeFiles/semaforo.dir/C_/Users/paola/.pico-sdk/sdk/2.1.0/src/rp2_common/pico_runtime_init/runtime_init.c.obj
                0x1000663c                __pre_init_runtime_init_install_ram_vector_table
 .preinit_array.11000
                0x10006640        0x4 CMakeFiles/semaforo.dir/C_/Users/paola/.pico-sdk/sdk/2.1.0/src/common/pico_time/time.c.obj
                0x10006640                __pre_init_runtime_init_default_alarm_pool
 .preinit_array.YYYYY
                0x10006644        0x4 CMakeFiles/semaforo.dir/C_/Users/paola/.pico-sdk/sdk/2.1.0/src/rp2_common/pico_runtime/runtime.c.obj
                0x10006644                __pre_init_first_per_core_initializer
 .preinit_array.ZZZZZ.01200
                0x10006648        0x4 CMakeFiles/semaforo.dir/C_/Users/paola/.pico-sdk/sdk/2.1.0/src/rp2_common/hardware_irq/irq.c.obj
                0x10006648                __pre_init_runtime_init_per_core_irq_priorities
 *(.preinit_array)
                0x1000664c                        PROVIDE (__preinit_array_end = .)
                0x1000664c                        . = ALIGN (0x4)
                0x1000664c                        PROVIDE (__init_array_start = .)
 *(SORT_BY_NAME(.init_array.*))
 *(.init_array)
 .init_array    0x1000664c        0x4 C:/Users/paola/.pico-sdk/toolchain/13_3_Rel1/bin/../lib/gcc/arm-none-eabi/13.3.1/thumb/v6-m/nofp/crtbegin.o
 .init_array    0x10006650        0x4 CMakeFiles/semaforo.dir/C_/Users/paola/.pico-sdk/sdk/2.1.0/src/rp2_common/pico_unique_id/unique_id.c.obj
                0x10006654                        PROVIDE (__init_array_end = .)
                0x10006654                        . = ALIGN (0x4)
                [!provide]                        PROVIDE (__fini_array_start = .)
 *(SORT_BY_NAME(.fini_array.*))
 *(.fini_array)
                [!provide]                        PROVIDE (__fini_array_end = .)
 *(.eh_frame*)
 .eh_frame      0x10006654        0x0 C:/Users/paola/.pico-sdk/toolchain/13_3_Rel1/bin/../lib/gcc/arm-none-eabi/13.3.1/thumb/v6-m/nofp/crtbegin.o
                0x10006654                        . = ALIGN (0x4)

.glue_7         0x10006654        0x0
 .glue_7        0x10006654        0x0 linker stubs

.glue_7t        0x10006654        0x0
 .glue_7t       0x10006654        0x0 linker stubs

.vfp11_veneer   0x10006654        0x0
 .vfp11_veneer  0x10006654        0x0 linker stubs

.v4_bx          0x10006654        0x0
 .v4_bx         0x10006654        0x0 linker stubs

.iplt           0x10006654        0x0
 .iplt          0x10006654        0x0 C:/Users/paola/.pico-sdk/toolchain/13_3_Rel1/bin/../lib/gcc/arm-none-eabi/13.3.1/thumb/v6-m/nofp/crtbegin.o

.rodata         0x10006658      0x68c
 *(EXCLUDE_FILE(*libm.a: *libc.a:*lib_a-mem*.o *libgcc.a:) .rodata*)
 .rodata.timer_callback.str1.4
                0x10006658      0x1d8 CMakeFiles/semaforo.dir/semaforo.c.obj
                                 0x4f (size before relaxing)
 .rodata.panic.str1.4
                0x10006830       0x12 CMakeFiles/semaforo.dir/C_/Users/paola/.pico-sdk/sdk/2.1.0/src/rp2_common/pico_platform_panic/panic.c.obj
 .rodata.spin_lock_claim_unused.str1.4
                0x10006830       0x1b CMakeFiles/semaforo.dir/C_/Users/paola/.pico-sdk/sdk/2.1.0/src/rp2_common/hardware_sync/sync.c.obj
 .rodata.user_irq_claim_unused.str1.4
                0x10006830       0x1b CMakeFiles/semaforo.dir/C_/Users/paola/.pico-sdk/sdk/2.1.0/src/rp2_common/hardware_irq/irq.c.obj
 .rodata.timer_hardware_alarm_claim.str1.4
                0x10006830       0x22 CMakeFiles/semaforo.dir/C_/Users/paola/.pico-sdk/sdk/2.1.0/src/rp2_common/hardware_timer/timer.c.obj
 .rodata.hard_assertion_failure.str1.4
                0x10006830        0xc CMakeFiles/semaforo.dir/C_/Users/paola/.pico-sdk/sdk/2.1.0/src/rp2_common/pico_runtime/runtime.c.obj
 .rodata.missing_double_func_shim.str1.4
                0x10006830       0x18 CMakeFiles/semaforo.dir/C_/Users/paola/.pico-sdk/sdk/2.1.0/src/rp2_common/pico_double/double_init_rom_rp2040.c.obj
 .rodata.missing_float_func_shim.str1.4
                0x10006830        0x1 CMakeFiles/semaforo.dir/C_/Users/paola/.pico-sdk/sdk/2.1.0/src/rp2_common/pico_float/float_init_rom_rp2040.c.obj
 .rodata.str1.4
                0x10006830       0x44 CMakeFiles/semaforo.dir/C_/Users/paola/.pico-sdk/sdk/2.1.0/src/rp2_common/pico_standard_binary_info/standard_binary_info.c.obj
 .rodata.__bi_84
                0x10006830        0xc CMakeFiles/semaforo.dir/C_/Users/paola/.pico-sdk/sdk/2.1.0/src/rp2_common/pico_standard_binary_info/standard_binary_info.c.obj
 .rodata.__bi_78
                0x1000683c        0xc CMakeFiles/semaforo.dir/C_/Users/paola/.pico-sdk/sdk/2.1.0/src/rp2_common/pico_standard_binary_info/standard_binary_info.c.obj
 .rodata.__bi_60
                0x10006848        0xc CMakeFiles/semaforo.dir/C_/Users/paola/.pico-sdk/sdk/2.1.0/src/rp2_common/pico_standard_binary_info/standard_binary_info.c.obj
 .rodata.__bi_54
                0x10006854        0xc CMakeFiles/semaforo.dir/C_/Users/paola/.pico-sdk/sdk/2.1.0/src/rp2_common/pico_standard_binary_info/standard_binary_info.c.obj
 .rodata.__bi_48
                0x10006860        0xc CMakeFiles/semaforo.dir/C_/Users/paola/.pico-sdk/sdk/2.1.0/src/rp2_common/pico_standard_binary_info/standard_binary_info.c.obj
 .rodata.__bi_42
                0x1000686c        0xc CMakeFiles/semaforo.dir/C_/Users/paola/.pico-sdk/sdk/2.1.0/src/rp2_common/pico_standard_binary_info/standard_binary_info.c.obj
 .rodata.__bi_34
                0x10006878        0xc CMakeFiles/semaforo.dir/C_/Users/paola/.pico-sdk/sdk/2.1.0/src/rp2_common/pico_standard_binary_info/standard_binary_info.c.obj
 .rodata.__bi_26
                0x10006884        0xc CMakeFiles/semaforo.dir/C_/Users/paola/.pico-sdk/sdk/2.1.0/src/rp2_common/pico_standard_binary_info/standard_binary_info.c.obj
 .rodata._ftoa.str1.4
                0x10006890       0x15 CMakeFiles/semaforo.dir/C_/Users/paola/.pico-sdk/sdk/2.1.0/src/rp2_common/pico_printf/printf.c.obj
 .rodata._vsnprintf
                0x10006890      0x19c CMakeFiles/semaforo.dir/C_/Users/paola/.pico-sdk/sdk/2.1.0/src/rp2_common/pico_printf/printf.c.obj
 *fill*         0x10006a2c        0x4 
 .rodata.pow10.0
                0x10006a30       0x50 CMakeFiles/semaforo.dir/C_/Users/paola/.pico-sdk/sdk/2.1.0/src/rp2_common/pico_printf/printf.c.obj
 .rodata.crlf_str.0
                0x10006a80        0x2 CMakeFiles/semaforo.dir/C_/Users/paola/.pico-sdk/sdk/2.1.0/src/rp2_common/pico_stdio/stdio.c.obj
 *fill*         0x10006a82        0x2 
 .rodata._resetd_driver
                0x10006a84       0x20 CMakeFiles/semaforo.dir/C_/Users/paola/.pico-sdk/sdk/2.1.0/src/rp2_common/pico_stdio_usb/reset_interface.c.obj
 .rodata.desc_ms_os_20
                0x10006aa4       0xa6 CMakeFiles/semaforo.dir/C_/Users/paola/.pico-sdk/sdk/2.1.0/src/rp2_common/pico_stdio_usb/reset_interface.c.obj
 *fill*         0x10006b4a        0x2 
 .rodata.desc_bos
                0x10006b4c       0x21 CMakeFiles/semaforo.dir/C_/Users/paola/.pico-sdk/sdk/2.1.0/src/rp2_common/pico_stdio_usb/reset_interface.c.obj
                0x10006b4c                desc_bos
 .rodata.str1.4
                0x10006b6d       0x13 CMakeFiles/semaforo.dir/C_/Users/paola/.pico-sdk/sdk/2.1.0/src/rp2_common/pico_stdio_usb/stdio_usb.c.obj
 *fill*         0x10006b6d        0x3 
 .rodata.__bi_197.0
                0x10006b70        0xc CMakeFiles/semaforo.dir/C_/Users/paola/.pico-sdk/sdk/2.1.0/src/rp2_common/pico_stdio_usb/stdio_usb.c.obj
 .rodata.str1.4
                0x10006b7c       0x2a CMakeFiles/semaforo.dir/C_/Users/paola/.pico-sdk/sdk/2.1.0/src/rp2_common/pico_stdio_usb/stdio_usb_descriptors.c.obj
 .rodata.usbd_desc_str
                0x10006b7c       0x18 CMakeFiles/semaforo.dir/C_/Users/paola/.pico-sdk/sdk/2.1.0/src/rp2_common/pico_stdio_usb/stdio_usb_descriptors.c.obj
 .rodata.usbd_desc_cfg
                0x10006b94       0x54 CMakeFiles/semaforo.dir/C_/Users/paola/.pico-sdk/sdk/2.1.0/src/rp2_common/pico_stdio_usb/stdio_usb_descriptors.c.obj
 .rodata.usbd_desc_device
                0x10006be8       0x12 CMakeFiles/semaforo.dir/C_/Users/paola/.pico-sdk/sdk/2.1.0/src/rp2_common/pico_stdio_usb/stdio_usb_descriptors.c.obj
 .rodata.str1.4
                0x10006bfa       0x14 CMakeFiles/semaforo.dir/C_/Users/paola/.pico-sdk/sdk/2.1.0/lib/tinyusb/src/portable/raspberrypi/rp2040/dcd_rp2040.c.obj
 .rodata.str1.4
                0x10006bfa       0x48 CMakeFiles/semaforo.dir/C_/Users/paola/.pico-sdk/sdk/2.1.0/lib/tinyusb/src/portable/raspberrypi/rp2040/rp2040_usb.c.obj
 *fill*         0x10006bfa        0x2 
 .rodata.tud_task_ext
                0x10006bfc       0x8c CMakeFiles/semaforo.dir/C_/Users/paola/.pico-sdk/sdk/2.1.0/lib/tinyusb/src/device/usbd.c.obj
 .rodata        0x10006c88       0x1c CMakeFiles/semaforo.dir/C_/Users/paola/.pico-sdk/sdk/2.1.0/lib/tinyusb/src/device/usbd.c.obj
 .rodata._usbd_driver
                0x10006ca4       0x40 CMakeFiles/semaforo.dir/C_/Users/paola/.pico-sdk/sdk/2.1.0/lib/tinyusb/src/device/usbd.c.obj
                0x10006ce4                        . = ALIGN (0x4)
 *(SORT_BY_ALIGNMENT(SORT_BY_NAME(.flashdata*)))
                0x10006ce4                        . = ALIGN (0x4)

.ARM.extab
 *(.ARM.extab* .gnu.linkonce.armextab.*)
                0x10006ce4                        __exidx_start = .

.ARM.exidx
 *(.ARM.exidx* .gnu.linkonce.armexidx.*)
                0x10006ce4                        __exidx_end = .
                0x10006ce4                        . = ALIGN (0x4)
                0x10006ce4                        __binary_info_start = .

.binary_info    0x10006ce4       0x24
 *(.binary_info.keep.*)
 .binary_info.keep.__bi_ptr84
                0x10006ce4        0x4 CMakeFiles/semaforo.dir/C_/Users/paola/.pico-sdk/sdk/2.1.0/src/rp2_common/pico_standard_binary_info/standard_binary_info.c.obj
 .binary_info.keep.__bi_ptr78
                0x10006ce8        0x4 CMakeFiles/semaforo.dir/C_/Users/paola/.pico-sdk/sdk/2.1.0/src/rp2_common/pico_standard_binary_info/standard_binary_info.c.obj
 .binary_info.keep.__bi_ptr60
                0x10006cec        0x4 CMakeFiles/semaforo.dir/C_/Users/paola/.pico-sdk/sdk/2.1.0/src/rp2_common/pico_standard_binary_info/standard_binary_info.c.obj
 .binary_info.keep.__bi_ptr54
                0x10006cf0        0x4 CMakeFiles/semaforo.dir/C_/Users/paola/.pico-sdk/sdk/2.1.0/src/rp2_common/pico_standard_binary_info/standard_binary_info.c.obj
 .binary_info.keep.__bi_ptr48
                0x10006cf4        0x4 CMakeFiles/semaforo.dir/C_/Users/paola/.pico-sdk/sdk/2.1.0/src/rp2_common/pico_standard_binary_info/standard_binary_info.c.obj
 .binary_info.keep.__bi_ptr42
                0x10006cf8        0x4 CMakeFiles/semaforo.dir/C_/Users/paola/.pico-sdk/sdk/2.1.0/src/rp2_common/pico_standard_binary_info/standard_binary_info.c.obj
 .binary_info.keep.__bi_ptr34
                0x10006cfc        0x4 CMakeFiles/semaforo.dir/C_/Users/paola/.pico-sdk/sdk/2.1.0/src/rp2_common/pico_standard_binary_info/standard_binary_info.c.obj
 .binary_info.keep.__bi_ptr26
                0x10006d00        0x4 CMakeFiles/semaforo.dir/C_/Users/paola/.pico-sdk/sdk/2.1.0/src/rp2_common/pico_standard_binary_info/standard_binary_info.c.obj
 *(.binary_info.*)
 .binary_info.__bi_ptr197
                0x10006d04        0x4 CMakeFiles/semaforo.dir/C_/Users/paola/.pico-sdk/sdk/2.1.0/src/rp2_common/pico_stdio_usb/stdio_usb.c.obj
                0x10006d08                        __binary_info_end = .

.rel.dyn        0x10006d08        0x0
 .rel.iplt      0x10006d08        0x0 C:/Users/paola/.pico-sdk/toolchain/13_3_Rel1/bin/../lib/gcc/arm-none-eabi/13.3.1/thumb/v6-m/nofp/crtbegin.o
                0x10006d08                        . = ALIGN (0x4)

.ram_vector_table
                0x20000000       0xc0
 *(.ram_vector_table)
 .ram_vector_table
                0x20000000       0xc0 CMakeFiles/semaforo.dir/C_/Users/paola/.pico-sdk/sdk/2.1.0/src/rp2_common/pico_runtime_init/runtime_init.c.obj
                0x20000000                ram_vector_table

.uninitialized_data
                0x200000c0        0x0
                0x200000c0                        . = ALIGN (0x4)
 *(.uninitialized_data*)

.data           0x200000c0      0xfa0 load address 0x10006d08
                0x200000c0                        __data_start__ = .
 *(vtable)
 *(.time_critical*)
 .time_critical.mutex_try_enter
                0x200000c0       0x40 CMakeFiles/semaforo.dir/C_/Users/paola/.pico-sdk/sdk/2.1.0/src/common/pico_sync/mutex.c.obj
                0x200000c0                mutex_try_enter
 .time_critical.mutex_try_enter_block_until
                0x20000100       0x9c CMakeFiles/semaforo.dir/C_/Users/paola/.pico-sdk/sdk/2.1.0/src/common/pico_sync/mutex.c.obj
                0x20000100                mutex_try_enter_block_until
 .time_critical.mutex_enter_timeout_ms
                0x2000019c       0x90 CMakeFiles/semaforo.dir/C_/Users/paola/.pico-sdk/sdk/2.1.0/src/common/pico_sync/mutex.c.obj
                0x2000019c                mutex_enter_timeout_ms
 .time_critical.mutex_exit
                0x2000022c       0x28 CMakeFiles/semaforo.dir/C_/Users/paola/.pico-sdk/sdk/2.1.0/src/common/pico_sync/mutex.c.obj
                0x2000022c                mutex_exit
 .time_critical.flash_init_boot2_copyout
                0x20000254       0x30 CMakeFiles/semaforo.dir/C_/Users/paola/.pico-sdk/sdk/2.1.0/src/rp2_common/hardware_flash/flash.c.obj
 .time_critical.flash_enable_xip_via_boot2
                0x20000284        0xc CMakeFiles/semaforo.dir/C_/Users/paola/.pico-sdk/sdk/2.1.0/src/rp2_common/hardware_flash/flash.c.obj
 .time_critical.flash_cs_force
                0x20000290       0x38 CMakeFiles/semaforo.dir/C_/Users/paola/.pico-sdk/sdk/2.1.0/src/rp2_common/hardware_flash/flash.c.obj
 .time_critical.flash_do_cmd
                0x200002c8       0xc0 CMakeFiles/semaforo.dir/C_/Users/paola/.pico-sdk/sdk/2.1.0/src/rp2_common/hardware_flash/flash.c.obj
                0x200002c8                flash_do_cmd
 .time_critical.reset_non_control_endpoints
                0x20000388       0x68 CMakeFiles/semaforo.dir/C_/Users/paola/.pico-sdk/sdk/2.1.0/lib/tinyusb/src/portable/raspberrypi/rp2040/dcd_rp2040.c.obj
 .time_critical.hw_handle_buff_status
                0x200003f0       0xb0 CMakeFiles/semaforo.dir/C_/Users/paola/.pico-sdk/sdk/2.1.0/lib/tinyusb/src/portable/raspberrypi/rp2040/dcd_rp2040.c.obj
 .time_critical.dcd_rp2040_irq
                0x200004a0      0x578 CMakeFiles/semaforo.dir/C_/Users/paola/.pico-sdk/sdk/2.1.0/lib/tinyusb/src/portable/raspberrypi/rp2040/dcd_rp2040.c.obj
 .time_critical.prepare_ep_buffer
                0x20000a18       0xe0 CMakeFiles/semaforo.dir/C_/Users/paola/.pico-sdk/sdk/2.1.0/lib/tinyusb/src/portable/raspberrypi/rp2040/rp2040_usb.c.obj
 .time_critical.sync_ep_buffer
                0x20000af8       0xa8 CMakeFiles/semaforo.dir/C_/Users/paola/.pico-sdk/sdk/2.1.0/lib/tinyusb/src/portable/raspberrypi/rp2040/rp2040_usb.c.obj
 .time_critical._hw_endpoint_xfer_sync
                0x20000ba0       0x28 CMakeFiles/semaforo.dir/C_/Users/paola/.pico-sdk/sdk/2.1.0/lib/tinyusb/src/portable/raspberrypi/rp2040/rp2040_usb.c.obj
 .time_critical.e15_is_bulkin_ep
                0x20000bc8       0x28 CMakeFiles/semaforo.dir/C_/Users/paola/.pico-sdk/sdk/2.1.0/lib/tinyusb/src/portable/raspberrypi/rp2040/rp2040_usb.c.obj
 .time_critical.e15_is_critical_frame_period
                0x20000bf0       0x34 CMakeFiles/semaforo.dir/C_/Users/paola/.pico-sdk/sdk/2.1.0/lib/tinyusb/src/portable/raspberrypi/rp2040/rp2040_usb.c.obj
 .time_critical.hw_endpoint_reset_transfer
                0x20000c24        0xc CMakeFiles/semaforo.dir/C_/Users/paola/.pico-sdk/sdk/2.1.0/lib/tinyusb/src/portable/raspberrypi/rp2040/rp2040_usb.c.obj
                0x20000c24                hw_endpoint_reset_transfer
 .time_critical._hw_endpoint_buffer_control_update32
                0x20000c30       0x50 CMakeFiles/semaforo.dir/C_/Users/paola/.pico-sdk/sdk/2.1.0/lib/tinyusb/src/portable/raspberrypi/rp2040/rp2040_usb.c.obj
                0x20000c30                _hw_endpoint_buffer_control_update32
 .time_critical.hw_endpoint_start_next_buffer
                0x20000c80       0x6c CMakeFiles/semaforo.dir/C_/Users/paola/.pico-sdk/sdk/2.1.0/lib/tinyusb/src/portable/raspberrypi/rp2040/rp2040_usb.c.obj
                0x20000c80                hw_endpoint_start_next_buffer
 .time_critical.hw_endpoint_xfer_continue
                0x20000cec       0x40 CMakeFiles/semaforo.dir/C_/Users/paola/.pico-sdk/sdk/2.1.0/lib/tinyusb/src/portable/raspberrypi/rp2040/rp2040_usb.c.obj
                0x20000cec                hw_endpoint_xfer_continue
 .time_critical.tinyusb
                0x20000d2c      0x1e4 CMakeFiles/semaforo.dir/C_/Users/paola/.pico-sdk/sdk/2.1.0/lib/tinyusb/src/device/usbd.c.obj
                0x20000d2c                dcd_event_handler
 *(.text*)
 .text          0x20000f10        0x4 C:/Users/paola/.pico-sdk/toolchain/13_3_Rel1/bin/../lib/gcc/arm-none-eabi/13.3.1/thumb/v6-m/nofp\libgcc.a(_dvmd_tls.o)
                0x20000f10                __aeabi_idiv0
                0x20000f10                __aeabi_ldiv0
 *fill*         0x20000f14        0x4 
 .text.__stub   0x20000f18       0x80 linker stubs
                0x20000f98                        . = ALIGN (0x4)
 *(.rodata*)
                0x20000f98                        . = ALIGN (0x4)
 *(.data*)
 .data.striped_spin_lock_num
                0x20000f98        0x1 CMakeFiles/semaforo.dir/C_/Users/paola/.pico-sdk/sdk/2.1.0/src/rp2_common/hardware_sync/sync.c.obj
 *fill*         0x20000f99        0x3 
 .data          0x20000f9c       0x48 CMakeFiles/semaforo.dir/C_/Users/paola/.pico-sdk/sdk/2.1.0/src/rp2_common/hardware_irq/irq_handler_chain.S.obj
                0x20000f9c                irq_handler_chain_slots
                0x20000fcc                irq_handler_chain_first_slot
                0x20000fd6                irq_handler_chain_remove_tail
 .data.default_alarm_pool
                0x20000fe4       0x18 CMakeFiles/semaforo.dir/C_/Users/paola/.pico-sdk/sdk/2.1.0/src/common/pico_time/time.c.obj
 *fill*         0x20000ffc        0x4 
 .data.aeabi_bits_funcs
                0x20001000       0x10 CMakeFiles/semaforo.dir/C_/Users/paola/.pico-sdk/sdk/2.1.0/src/rp2_common/pico_bit_ops/bit_ops_aeabi.S.obj
                0x20001000                aeabi_bits_funcs
                0x20001010                aeabi_bits_funcs_end
 .data.aeabi_mem_funcs
                0x20001010       0x10 CMakeFiles/semaforo.dir/C_/Users/paola/.pico-sdk/sdk/2.1.0/src/rp2_common/pico_mem_ops/mem_ops_aeabi.S.obj
                0x20001010                aeabi_mem_funcs
                0x20001020                aeabi_mem_funcs_end
 .data.stdio_usb
                0x20001020       0x18 CMakeFiles/semaforo.dir/C_/Users/paola/.pico-sdk/sdk/2.1.0/src/rp2_common/pico_stdio_usb/stdio_usb.c.obj
                0x20001020                stdio_usb
 .data._usbd_qdef
                0x20001038       0x1c CMakeFiles/semaforo.dir/C_/Users/paola/.pico-sdk/sdk/2.1.0/lib/tinyusb/src/device/usbd.c.obj
                0x20001038                _usbd_qdef
 .data._usbd_rhport
                0x20001054        0x1 CMakeFiles/semaforo.dir/C_/Users/paola/.pico-sdk/sdk/2.1.0/lib/tinyusb/src/device/usbd.c.obj
                0x20001058                        . = ALIGN (0x4)
 *fill*         0x20001055        0x3 
 *(.after_data.*)
                0x20001058                        . = ALIGN (0x4)
                0x20001058                        PROVIDE (__mutex_array_start = .)
 *(SORT_BY_NAME(.mutex_array.*))
 *(.mutex_array)
 .mutex_array   0x20001058        0x8 CMakeFiles/semaforo.dir/C_/Users/paola/.pico-sdk/sdk/2.1.0/src/rp2_common/pico_stdio/stdio.c.obj
                0x20001060                        PROVIDE (__mutex_array_end = .)
                0x20001060                        . = ALIGN (0x4)
 *(.jcr)
                0x20001060                        . = ALIGN (0x4)

.tm_clone_table
                0x20001060        0x0 load address 0x10007ca8
 .tm_clone_table
                0x20001060        0x0 C:/Users/paola/.pico-sdk/toolchain/13_3_Rel1/bin/../lib/gcc/arm-none-eabi/13.3.1/thumb/v6-m/nofp/crtbegin.o
 .tm_clone_table
                0x20001060        0x0 C:/Users/paola/.pico-sdk/toolchain/13_3_Rel1/bin/../lib/gcc/arm-none-eabi/13.3.1/thumb/v6-m/nofp/crtend.o

.igot.plt       0x20001060        0x0 load address 0x10007ca8
 .igot.plt      0x20001060        0x0 C:/Users/paola/.pico-sdk/toolchain/13_3_Rel1/bin/../lib/gcc/arm-none-eabi/13.3.1/thumb/v6-m/nofp/crtbegin.o

.tdata          0x20001060        0x0 load address 0x10007ca8
                0x20001060                        . = ALIGN (0x4)
 *(.tdata .tdata.* .gnu.linkonce.td.*)
                0x20001060                        __tdata_end = .
                0x20001060                        PROVIDE (__data_end__ = .)
                0x10006d08                        __etext = LOADADDR (.data)

.tbss           0x20001060        0x0 load address 0x10007ca8
                0x20001060                        . = ALIGN (0x4)
                0x20001060                        __bss_start__ = .
                0x20001060                        __tls_base = .
 *(.tbss .tbss.* .gnu.linkonce.tb.*)
 *(.tcommon)
                0x20001060                        __tls_end = .

.bss            0x20001060     0x1088 load address 0x10007ca8
                0x20001060                        . = ALIGN (0x4)
                0x20001060                        __tbss_end = .
 *(SORT_BY_ALIGNMENT(SORT_BY_NAME(.bss*)))
 .bss.default_alarm_pool_entries
                0x20001060      0x180 CMakeFiles/semaforo.dir/C_/Users/paola/.pico-sdk/sdk/2.1.0/src/common/pico_time/time.c.obj
 .bss.last_avail_time.1
                0x200011e0        0x8 CMakeFiles/semaforo.dir/C_/Users/paola/.pico-sdk/sdk/2.1.0/src/rp2_common/pico_stdio_usb/stdio_usb.c.obj
 .bss.sd_table  0x200011e8      0x100 CMakeFiles/semaforo.dir/C_/Users/paola/.pico-sdk/sdk/2.1.0/src/rp2_common/pico_double/double_init_rom_rp2040.c.obj
                0x200011e8                sd_table
 .bss.tempo_total
                0x200012e8        0x8 CMakeFiles/semaforo.dir/semaforo.c.obj
                0x200012e8                tempo_total
 .bss._app_driver
                0x200012f0        0x4 CMakeFiles/semaforo.dir/C_/Users/paola/.pico-sdk/sdk/2.1.0/lib/tinyusb/src/device/usbd.c.obj
 .bss._cdcd_fifo_cfg
                0x200012f4        0x1 CMakeFiles/semaforo.dir/C_/Users/paola/.pico-sdk/sdk/2.1.0/lib/tinyusb/src/class/cdc/cdc_device.c.obj
 *fill*         0x200012f5        0x3 
 .bss._cdcd_itf
                0x200012f8      0x2c8 CMakeFiles/semaforo.dir/C_/Users/paola/.pico-sdk/sdk/2.1.0/lib/tinyusb/src/class/cdc/cdc_device.c.obj
 .bss._ctrl_xfer
                0x200015c0       0x14 CMakeFiles/semaforo.dir/C_/Users/paola/.pico-sdk/sdk/2.1.0/lib/tinyusb/src/device/usbd_control.c.obj
 .bss._ubsd_mutexdef
                0x200015d4        0x8 CMakeFiles/semaforo.dir/C_/Users/paola/.pico-sdk/sdk/2.1.0/lib/tinyusb/src/device/usbd.c.obj
 .bss._usbd_ctrl_buf
                0x200015dc       0x40 CMakeFiles/semaforo.dir/C_/Users/paola/.pico-sdk/sdk/2.1.0/lib/tinyusb/src/device/usbd_control.c.obj
 .bss._usbd_dev
                0x2000161c       0x54 CMakeFiles/semaforo.dir/C_/Users/paola/.pico-sdk/sdk/2.1.0/lib/tinyusb/src/device/usbd.c.obj
 .bss._usbd_mutex
                0x20001670        0x4 CMakeFiles/semaforo.dir/C_/Users/paola/.pico-sdk/sdk/2.1.0/lib/tinyusb/src/device/usbd.c.obj
 .bss._usbd_q   0x20001674        0x4 CMakeFiles/semaforo.dir/C_/Users/paola/.pico-sdk/sdk/2.1.0/lib/tinyusb/src/device/usbd.c.obj
 .bss._usbd_qdef_buf
                0x20001678       0xc0 CMakeFiles/semaforo.dir/C_/Users/paola/.pico-sdk/sdk/2.1.0/lib/tinyusb/src/device/usbd.c.obj
                0x20001678                _usbd_qdef_buf
 .bss._vendord_itf
                0x20001738      0x2cc CMakeFiles/semaforo.dir/C_/Users/paola/.pico-sdk/sdk/2.1.0/lib/tinyusb/src/class/vendor/vendor_device.c.obj
 .bss.boot2_copyout
                0x20001a04      0x100 CMakeFiles/semaforo.dir/C_/Users/paola/.pico-sdk/sdk/2.1.0/src/rp2_common/hardware_flash/flash.c.obj
 .bss.chars_available_callback
                0x20001b04        0x4 CMakeFiles/semaforo.dir/C_/Users/paola/.pico-sdk/sdk/2.1.0/src/rp2_common/pico_stdio_usb/stdio_usb.c.obj
 .bss.chars_available_param
                0x20001b08        0x4 CMakeFiles/semaforo.dir/C_/Users/paola/.pico-sdk/sdk/2.1.0/src/rp2_common/pico_stdio_usb/stdio_usb.c.obj
 .bss.claimed   0x20001b0c        0x4 CMakeFiles/semaforo.dir/C_/Users/paola/.pico-sdk/sdk/2.1.0/src/rp2_common/hardware_sync/sync.c.obj
 .bss.claimed   0x20001b10        0x1 CMakeFiles/semaforo.dir/C_/Users/paola/.pico-sdk/sdk/2.1.0/src/rp2_common/hardware_timer/timer.c.obj
 *fill*         0x20001b11        0x3 
 .bss.configured_freq
                0x20001b14       0x28 CMakeFiles/semaforo.dir/C_/Users/paola/.pico-sdk/sdk/2.1.0/src/rp2_common/hardware_clocks/clocks.c.obj
 .bss.contador.0
                0x20001b3c        0x4 CMakeFiles/semaforo.dir/semaforo.c.obj
 .bss.desc_str.0
                0x20001b40       0x28 CMakeFiles/semaforo.dir/C_/Users/paola/.pico-sdk/sdk/2.1.0/src/rp2_common/pico_stdio_usb/stdio_usb_descriptors.c.obj
 .bss.drivers   0x20001b68        0x4 CMakeFiles/semaforo.dir/C_/Users/paola/.pico-sdk/sdk/2.1.0/src/rp2_common/pico_stdio/stdio.c.obj
 .bss.e15_last_sof
                0x20001b6c        0x4 CMakeFiles/semaforo.dir/C_/Users/paola/.pico-sdk/sdk/2.1.0/lib/tinyusb/src/portable/raspberrypi/rp2040/rp2040_usb.c.obj
                0x20001b6c                e15_last_sof
 .bss.estado_semaforo
                0x20001b70        0x4 CMakeFiles/semaforo.dir/semaforo.c.obj
                0x20001b70                estado_semaforo
 .bss.filter    0x20001b74        0x4 CMakeFiles/semaforo.dir/C_/Users/paola/.pico-sdk/sdk/2.1.0/src/rp2_common/pico_stdio/stdio.c.obj
 .bss.hw_endpoints
                0x20001b78      0x400 CMakeFiles/semaforo.dir/C_/Users/paola/.pico-sdk/sdk/2.1.0/lib/tinyusb/src/portable/raspberrypi/rp2040/dcd_rp2040.c.obj
 .bss.lazy_vsnprintf
                0x20001f78        0x4 CMakeFiles/semaforo.dir/C_/Users/paola/.pico-sdk/sdk/2.1.0/src/rp2_common/pico_printf/printf.c.obj
 .bss.load_value
                0x20001f7c        0x4 CMakeFiles/semaforo.dir/C_/Users/paola/.pico-sdk/sdk/2.1.0/src/rp2_common/hardware_watchdog/watchdog.c.obj
 .bss.next_buffer_ptr
                0x20001f80        0x4 CMakeFiles/semaforo.dir/C_/Users/paola/.pico-sdk/sdk/2.1.0/lib/tinyusb/src/portable/raspberrypi/rp2040/dcd_rp2040.c.obj
 .bss.object.0  0x20001f84       0x18 C:/Users/paola/.pico-sdk/toolchain/13_3_Rel1/bin/../lib/gcc/arm-none-eabi/13.3.1/thumb/v6-m/nofp/crtbegin.o
 .bss.one_shot_timer_crit_sec
                0x20001f9c        0x8 CMakeFiles/semaforo.dir/C_/Users/paola/.pico-sdk/sdk/2.1.0/src/rp2_common/pico_stdio_usb/stdio_usb.c.obj
 .bss.pools     0x20001fa4       0x10 CMakeFiles/semaforo.dir/C_/Users/paola/.pico-sdk/sdk/2.1.0/src/common/pico_time/time.c.obj
 .bss.retrieved_id
                0x20001fb4        0x8 CMakeFiles/semaforo.dir/C_/Users/paola/.pico-sdk/sdk/2.1.0/src/rp2_common/pico_unique_id/unique_id.c.obj
 .bss.sf_clz_func
                0x20001fbc        0x4 CMakeFiles/semaforo.dir/C_/Users/paola/.pico-sdk/sdk/2.1.0/src/rp2_common/pico_double/double_init_rom_rp2040.c.obj
                0x20001fbc                sf_clz_func
 .bss.sf_table  0x20001fc0      0x100 CMakeFiles/semaforo.dir/C_/Users/paola/.pico-sdk/sdk/2.1.0/src/rp2_common/pico_float/float_init_rom_rp2040.c.obj
                0x20001fc0                sf_table
 .bss.sleep_notifier
                0x200020c0        0x4 CMakeFiles/semaforo.dir/C_/Users/paola/.pico-sdk/sdk/2.1.0/src/common/pico_time/time.c.obj
 .bss.stdio_usb_mutex
                0x200020c4        0x8 CMakeFiles/semaforo.dir/C_/Users/paola/.pico-sdk/sdk/2.1.0/src/rp2_common/pico_stdio_usb/stdio_usb.c.obj
 .bss.usbd_serial_str
                0x200020cc       0x11 CMakeFiles/semaforo.dir/C_/Users/paola/.pico-sdk/sdk/2.1.0/src/rp2_common/pico_stdio_usb/stdio_usb_descriptors.c.obj
 .bss._app_driver_count
                0x200020dd        0x1 CMakeFiles/semaforo.dir/C_/Users/paola/.pico-sdk/sdk/2.1.0/lib/tinyusb/src/device/usbd.c.obj
 .bss._sof_enable
                0x200020de        0x1 CMakeFiles/semaforo.dir/C_/Users/paola/.pico-sdk/sdk/2.1.0/lib/tinyusb/src/portable/raspberrypi/rp2040/dcd_rp2040.c.obj
 .bss._usbd_queued_setup
                0x200020df        0x1 CMakeFiles/semaforo.dir/C_/Users/paola/.pico-sdk/sdk/2.1.0/lib/tinyusb/src/device/usbd.c.obj
 .bss.boot2_copyout_valid
                0x200020e0        0x1 CMakeFiles/semaforo.dir/C_/Users/paola/.pico-sdk/sdk/2.1.0/src/rp2_common/hardware_flash/flash.c.obj
 .bss.irq_handler_chain_free_slot_head
                0x200020e1        0x1 CMakeFiles/semaforo.dir/C_/Users/paola/.pico-sdk/sdk/2.1.0/src/rp2_common/hardware_irq/irq.c.obj
 .bss.itf_num   0x200020e2        0x1 CMakeFiles/semaforo.dir/C_/Users/paola/.pico-sdk/sdk/2.1.0/src/rp2_common/pico_stdio_usb/reset_interface.c.obj
 .bss.low_priority_irq_num
                0x200020e3        0x1 CMakeFiles/semaforo.dir/C_/Users/paola/.pico-sdk/sdk/2.1.0/src/rp2_common/pico_stdio_usb/stdio_usb.c.obj
 .bss.one_shot_timer_pending
                0x200020e4        0x1 CMakeFiles/semaforo.dir/C_/Users/paola/.pico-sdk/sdk/2.1.0/src/rp2_common/pico_stdio_usb/stdio_usb.c.obj
 .bss.user_irq_claimed
                0x200020e5        0x1 CMakeFiles/semaforo.dir/C_/Users/paola/.pico-sdk/sdk/2.1.0/src/rp2_common/hardware_irq/irq.c.obj
 *(COMMON)
                0x200020e8                        . = ALIGN (0x4)
 *fill*         0x200020e6        0x2 
                0x200020e8                        __bss_end__ = .

.heap           0x200020e8      0x800 load address 0x10007ca8
                0x200020e8                        __end__ = .
                0x200020e8                        end = __end__
 *(.heap*)
 .heap          0x200020e8      0x800 CMakeFiles/semaforo.dir/C_/Users/paola/.pico-sdk/sdk/2.1.0/src/rp2_common/pico_crt0/crt0.S.obj
                0x20040000                        __HeapLimit = (ORIGIN (RAM) + LENGTH (RAM))

.scratch_x      0x20040000        0x0 load address 0x10007ca8
                0x20040000                        __scratch_x_start__ = .
 *(.scratch_x.*)
                0x20040000                        . = ALIGN (0x4)
                0x20040000                        __scratch_x_end__ = .
                0x10007ca8                        __scratch_x_source__ = LOADADDR (.scratch_x)

.scratch_y      0x20041000        0x0 load address 0x10007ca8
                0x20041000                        __scratch_y_start__ = .
 *(.scratch_y.*)
                0x20041000                        . = ALIGN (0x4)
                0x20041000                        __scratch_y_end__ = .
                0x10007ca8                        __scratch_y_source__ = LOADADDR (.scratch_y)

.stack1_dummy
 *(.stack1*)

.stack_dummy    0x20041000      0x800
 *(.stack*)
 .stack         0x20041000      0x800 CMakeFiles/semaforo.dir/C_/Users/paola/.pico-sdk/sdk/2.1.0/src/rp2_common/pico_crt0/crt0.S.obj

.flash_end      0x10007ca8        0x0
 *(.embedded_end_block*)
                0x10007ca8                        PROVIDE (__flash_binary_end = .)
                0x20040000                        __StackLimit = (ORIGIN (RAM) + LENGTH (RAM))
                0x20041000                        __StackOneTop = (ORIGIN (SCRATCH_X) + LENGTH (SCRATCH_X))
                0x20042000                        __StackTop = (ORIGIN (SCRATCH_Y) + LENGTH (SCRATCH_Y))
                0x20041000                        __StackOneBottom = (__StackOneTop - SIZEOF (.stack1_dummy))
                0x20041800                        __StackBottom = (__StackTop - SIZEOF (.stack_dummy))
                0x20042000                        PROVIDE (__stack = __StackTop)
                [!provide]                        PROVIDE (__heap_start = __end__)
                [!provide]                        PROVIDE (__heap_end = __HeapLimit)
                [!provide]                        PROVIDE (__tls_align = MAX (ALIGNOF (.tdata), ALIGNOF (.tbss)))
                [!provide]                        PROVIDE (__tls_size_align = (((__tls_size + __tls_align) - 0x1) & ~ ((__tls_align - 0x1))))
                [!provide]                        PROVIDE (__arm32_tls_tcb_offset = MAX (0x8, __tls_align))
                [!provide]                        PROVIDE (_end = __end__)
                [!provide]                        PROVIDE (__llvm_libc_heap_limit = __HeapLimit)
                0x00000001                        ASSERT ((__StackLimit >= __HeapLimit), region RAM overflowed)
                0x00000001                        ASSERT (((__binary_info_header_end - __logical_binary_start) <= 0x100), Binary info must be in first 256 bytes of the binary)
LOAD CMakeFiles/semaforo.dir/semaforo.c.obj
LOAD CMakeFiles/semaforo.dir/C_/Users/paola/.pico-sdk/sdk/2.1.0/src/rp2_common/pico_stdlib/stdlib.c.obj
LOAD CMakeFiles/semaforo.dir/C_/Users/paola/.pico-sdk/sdk/2.1.0/src/rp2_common/hardware_gpio/gpio.c.obj
LOAD CMakeFiles/semaforo.dir/C_/Users/paola/.pico-sdk/sdk/2.1.0/src/rp2040/pico_platform/platform.c.obj
LOAD CMakeFiles/semaforo.dir/C_/Users/paola/.pico-sdk/sdk/2.1.0/src/rp2_common/pico_platform_panic/panic.c.obj
LOAD CMakeFiles/semaforo.dir/C_/Users/paola/.pico-sdk/sdk/2.1.0/src/common/hardware_claim/claim.c.obj
LOAD CMakeFiles/semaforo.dir/C_/Users/paola/.pico-sdk/sdk/2.1.0/src/rp2_common/hardware_sync/sync.c.obj
LOAD CMakeFiles/semaforo.dir/C_/Users/paola/.pico-sdk/sdk/2.1.0/src/rp2_common/hardware_sync_spin_lock/sync_spin_lock.c.obj
LOAD CMakeFiles/semaforo.dir/C_/Users/paola/.pico-sdk/sdk/2.1.0/src/rp2_common/hardware_irq/irq.c.obj
LOAD CMakeFiles/semaforo.dir/C_/Users/paola/.pico-sdk/sdk/2.1.0/src/rp2_common/hardware_irq/irq_handler_chain.S.obj
LOAD CMakeFiles/semaforo.dir/C_/Users/paola/.pico-sdk/sdk/2.1.0/src/common/pico_sync/sem.c.obj
LOAD CMakeFiles/semaforo.dir/C_/Users/paola/.pico-sdk/sdk/2.1.0/src/common/pico_sync/lock_core.c.obj
LOAD CMakeFiles/semaforo.dir/C_/Users/paola/.pico-sdk/sdk/2.1.0/src/common/pico_sync/mutex.c.obj
LOAD CMakeFiles/semaforo.dir/C_/Users/paola/.pico-sdk/sdk/2.1.0/src/common/pico_sync/critical_section.c.obj
LOAD CMakeFiles/semaforo.dir/C_/Users/paola/.pico-sdk/sdk/2.1.0/src/common/pico_time/time.c.obj
LOAD CMakeFiles/semaforo.dir/C_/Users/paola/.pico-sdk/sdk/2.1.0/src/common/pico_time/timeout_helper.c.obj
LOAD CMakeFiles/semaforo.dir/C_/Users/paola/.pico-sdk/sdk/2.1.0/src/rp2_common/hardware_timer/timer.c.obj
LOAD CMakeFiles/semaforo.dir/C_/Users/paola/.pico-sdk/sdk/2.1.0/src/common/pico_util/datetime.c.obj
LOAD CMakeFiles/semaforo.dir/C_/Users/paola/.pico-sdk/sdk/2.1.0/src/common/pico_util/pheap.c.obj
LOAD CMakeFiles/semaforo.dir/C_/Users/paola/.pico-sdk/sdk/2.1.0/src/common/pico_util/queue.c.obj
LOAD CMakeFiles/semaforo.dir/C_/Users/paola/.pico-sdk/sdk/2.1.0/src/rp2_common/hardware_uart/uart.c.obj
LOAD CMakeFiles/semaforo.dir/C_/Users/paola/.pico-sdk/sdk/2.1.0/src/rp2_common/hardware_clocks/clocks.c.obj
LOAD CMakeFiles/semaforo.dir/C_/Users/paola/.pico-sdk/sdk/2.1.0/src/rp2_common/hardware_pll/pll.c.obj
LOAD CMakeFiles/semaforo.dir/C_/Users/paola/.pico-sdk/sdk/2.1.0/src/rp2_common/hardware_vreg/vreg.c.obj
LOAD CMakeFiles/semaforo.dir/C_/Users/paola/.pico-sdk/sdk/2.1.0/src/rp2_common/hardware_watchdog/watchdog.c.obj
LOAD CMakeFiles/semaforo.dir/C_/Users/paola/.pico-sdk/sdk/2.1.0/src/rp2_common/hardware_ticks/ticks.c.obj
LOAD CMakeFiles/semaforo.dir/C_/Users/paola/.pico-sdk/sdk/2.1.0/src/rp2_common/pico_bootrom/bootrom.c.obj
LOAD CMakeFiles/semaforo.dir/C_/Users/paola/.pico-sdk/sdk/2.1.0/src/rp2_common/pico_bootrom/bootrom_lock.c.obj
LOAD CMakeFiles/semaforo.dir/C_/Users/paola/.pico-sdk/sdk/2.1.0/src/rp2_common/hardware_boot_lock/boot_lock.c.obj
LOAD CMakeFiles/semaforo.dir/C_/Users/paola/.pico-sdk/sdk/2.1.0/src/rp2_common/pico_flash/flash.c.obj
LOAD CMakeFiles/semaforo.dir/C_/Users/paola/.pico-sdk/sdk/2.1.0/src/rp2_common/hardware_xosc/xosc.c.obj
LOAD CMakeFiles/semaforo.dir/C_/Users/paola/.pico-sdk/sdk/2.1.0/src/rp2_common/hardware_divider/divider.S.obj
LOAD CMakeFiles/semaforo.dir/C_/Users/paola/.pico-sdk/sdk/2.1.0/src/rp2_common/pico_runtime/runtime.c.obj
LOAD CMakeFiles/semaforo.dir/C_/Users/paola/.pico-sdk/sdk/2.1.0/src/rp2_common/pico_runtime_init/runtime_init.c.obj
LOAD CMakeFiles/semaforo.dir/C_/Users/paola/.pico-sdk/sdk/2.1.0/src/rp2_common/pico_runtime_init/runtime_init_clocks.c.obj
LOAD CMakeFiles/semaforo.dir/C_/Users/paola/.pico-sdk/sdk/2.1.0/src/rp2_common/pico_runtime_init/runtime_init_stack_guard.c.obj
LOAD CMakeFiles/semaforo.dir/C_/Users/paola/.pico-sdk/sdk/2.1.0/src/rp2_common/pico_bit_ops/bit_ops_aeabi.S.obj
LOAD CMakeFiles/semaforo.dir/C_/Users/paola/.pico-sdk/sdk/2.1.0/src/rp2_common/pico_divider/divider_hardware.S.obj
LOAD CMakeFiles/semaforo.dir/C_/Users/paola/.pico-sdk/sdk/2.1.0/src/rp2_common/pico_double/double_aeabi_rp2040.S.obj
LOAD CMakeFiles/semaforo.dir/C_/Users/paola/.pico-sdk/sdk/2.1.0/src/rp2_common/pico_double/double_init_rom_rp2040.c.obj
LOAD CMakeFiles/semaforo.dir/C_/Users/paola/.pico-sdk/sdk/2.1.0/src/rp2_common/pico_double/double_math.c.obj
LOAD CMakeFiles/semaforo.dir/C_/Users/paola/.pico-sdk/sdk/2.1.0/src/rp2_common/pico_double/double_v1_rom_shim_rp2040.S.obj
LOAD CMakeFiles/semaforo.dir/C_/Users/paola/.pico-sdk/sdk/2.1.0/src/rp2_common/pico_int64_ops/pico_int64_ops_aeabi.S.obj
LOAD CMakeFiles/semaforo.dir/C_/Users/paola/.pico-sdk/sdk/2.1.0/src/rp2_common/pico_float/float_aeabi_rp2040.S.obj
LOAD CMakeFiles/semaforo.dir/C_/Users/paola/.pico-sdk/sdk/2.1.0/src/rp2_common/pico_float/float_init_rom_rp2040.c.obj
LOAD CMakeFiles/semaforo.dir/C_/Users/paola/.pico-sdk/sdk/2.1.0/src/rp2_common/pico_float/float_math.c.obj
LOAD CMakeFiles/semaforo.dir/C_/Users/paola/.pico-sdk/sdk/2.1.0/src/rp2_common/pico_float/float_v1_rom_shim_rp2040.S.obj
LOAD CMakeFiles/semaforo.dir/C_/Users/paola/.pico-sdk/sdk/2.1.0/src/rp2_common/pico_malloc/malloc.c.obj
LOAD CMakeFiles/semaforo.dir/C_/Users/paola/.pico-sdk/sdk/2.1.0/src/rp2_common/pico_mem_ops/mem_ops_aeabi.S.obj
LOAD CMakeFiles/semaforo.dir/C_/Users/paola/.pico-sdk/sdk/2.1.0/src/rp2_common/pico_atomic/atomic.c.obj
LOAD CMakeFiles/semaforo.dir/C_/Users/paola/.pico-sdk/sdk/2.1.0/src/rp2_common/pico_cxx_options/new_delete.cpp.obj
LOAD CMakeFiles/semaforo.dir/C_/Users/paola/.pico-sdk/sdk/2.1.0/src/rp2_common/pico_standard_binary_info/standard_binary_info.c.obj
LOAD CMakeFiles/semaforo.dir/C_/Users/paola/.pico-sdk/sdk/2.1.0/src/rp2_common/pico_printf/printf.c.obj
LOAD CMakeFiles/semaforo.dir/C_/Users/paola/.pico-sdk/sdk/2.1.0/src/rp2_common/pico_crt0/crt0.S.obj
LOAD CMakeFiles/semaforo.dir/C_/Users/paola/.pico-sdk/sdk/2.1.0/src/rp2_common/pico_clib_interface/newlib_interface.c.obj
LOAD CMakeFiles/semaforo.dir/C_/Users/paola/.pico-sdk/sdk/2.1.0/src/rp2_common/pico_stdio/stdio.c.obj
LOAD CMakeFiles/semaforo.dir/C_/Users/paola/.pico-sdk/sdk/2.1.0/src/rp2_common/pico_stdio_usb/reset_interface.c.obj
LOAD CMakeFiles/semaforo.dir/C_/Users/paola/.pico-sdk/sdk/2.1.0/src/rp2_common/pico_stdio_usb/stdio_usb.c.obj
LOAD CMakeFiles/semaforo.dir/C_/Users/paola/.pico-sdk/sdk/2.1.0/src/rp2_common/pico_stdio_usb/stdio_usb_descriptors.c.obj
LOAD CMakeFiles/semaforo.dir/C_/Users/paola/.pico-sdk/sdk/2.1.0/src/rp2_common/pico_unique_id/unique_id.c.obj
LOAD CMakeFiles/semaforo.dir/C_/Users/paola/.pico-sdk/sdk/2.1.0/src/rp2_common/hardware_flash/flash.c.obj
LOAD CMakeFiles/semaforo.dir/C_/Users/paola/.pico-sdk/sdk/2.1.0/src/rp2_common/hardware_xip_cache/xip_cache.c.obj
LOAD CMakeFiles/semaforo.dir/C_/Users/paola/.pico-sdk/sdk/2.1.0/lib/tinyusb/src/portable/raspberrypi/rp2040/dcd_rp2040.c.obj
LOAD CMakeFiles/semaforo.dir/C_/Users/paola/.pico-sdk/sdk/2.1.0/lib/tinyusb/src/portable/raspberrypi/rp2040/rp2040_usb.c.obj
LOAD CMakeFiles/semaforo.dir/C_/Users/paola/.pico-sdk/sdk/2.1.0/lib/tinyusb/src/device/usbd.c.obj
LOAD CMakeFiles/semaforo.dir/C_/Users/paola/.pico-sdk/sdk/2.1.0/lib/tinyusb/src/device/usbd_control.c.obj
LOAD CMakeFiles/semaforo.dir/C_/Users/paola/.pico-sdk/sdk/2.1.0/lib/tinyusb/src/class/audio/audio_device.c.obj